Time       moves_acc moves_gen     F(Q)_1  Curvature  Curvature  Curvature  Curvature  Curvature  Curvature   X_ray_(R)1
h/m/s/.th    WEIGHT PARAMETERS   0.100E+01  0.100E+01  0.100E+01  0.100E+01  0.100E+01  0.100E+01  0.100E+01  0.100E+01
120638.381        1739        1800  0.217E-02  0.000E+00  0.000E+00  0.111E+02  0.000E+00  0.142E+01  0.000E+00  0.188E-03
121638.499        2306        3701  0.217E-02  0.000E+00  0.000E+00  0.996E+01  0.000E+00  0.115E+01  0.000E+00  0.186E-03
122638.262        2612        5583  0.217E-02  0.000E+00  0.000E+00  0.975E+01  0.000E+00  0.838E+00  0.000E+00  0.185E-03
123638.268        2866        7478  0.217E-02  0.000E+00  0.000E+00  0.975E+01  0.000E+00  0.710E+00  0.000E+00  0.185E-03
124638.533        3086        9371  0.217E-02  0.000E+00  0.000E+00  0.948E+01  0.000E+00  0.699E+00  0.000E+00  0.185E-03
125638.305        3305       11264  0.216E-02  0.000E+00  0.000E+00  0.962E+01  0.000E+00  0.650E+00  0.000E+00  0.185E-03
130638.466        3547       13152  0.216E-02  0.000E+00  0.000E+00  0.101E+02  0.000E+00  0.530E+00  0.000E+00  0.185E-03
131638.535        3765       15049  0.216E-02  0.000E+00  0.000E+00  0.991E+01  0.000E+00  0.518E+00  0.000E+00  0.184E-03
132638.545        3997       16945  0.216E-02  0.000E+00  0.000E+00  0.973E+01  0.000E+00  0.519E+00  0.000E+00  0.184E-03
133638.451        4223       18844  0.216E-02  0.000E+00  0.000E+00  0.964E+01  0.000E+00  0.516E+00  0.000E+00  0.184E-03
134638.332        4454       20737  0.216E-02  0.000E+00  0.000E+00  0.981E+01  0.000E+00  0.516E+00  0.000E+00  0.184E-03
135638.317        4675       22636  0.216E-02  0.000E+00  0.000E+00  0.978E+01  0.000E+00  0.516E+00  0.000E+00  0.184E-03
140638.485        4890       24534  0.216E-02  0.000E+00  0.000E+00  0.972E+01  0.000E+00  0.516E+00  0.000E+00  0.183E-03
141638.520        5089       26420  0.216E-02  0.000E+00  0.000E+00  0.982E+01  0.000E+00  0.516E+00  0.000E+00  0.183E-03
142638.332        5307       28256  0.216E-02  0.000E+00  0.000E+00  0.102E+02  0.000E+00  0.516E+00  0.000E+00  0.183E-03
143638.559        5519       30111  0.216E-02  0.000E+00  0.000E+00  0.102E+02  0.000E+00  0.523E+00  0.000E+00  0.183E-03
144638.511        5736       31959  0.216E-02  0.000E+00  0.000E+00  0.993E+01  0.000E+00  0.523E+00  0.000E+00  0.183E-03
145638.473        5965       33807  0.216E-02  0.000E+00  0.000E+00  0.946E+01  0.000E+00  0.529E+00  0.000E+00  0.182E-03
150638.342        6142       35651  0.216E-02  0.000E+00  0.000E+00  0.949E+01  0.000E+00  0.529E+00  0.000E+00  0.182E-03
151638.373        6363       37496  0.216E-02  0.000E+00  0.000E+00  0.965E+01  0.000E+00  0.529E+00  0.000E+00  0.182E-03
152638.288        6600       39336  0.216E-02  0.000E+00  0.000E+00  0.958E+01  0.000E+00  0.528E+00  0.000E+00  0.182E-03
153638.391        6809       41177  0.216E-02  0.000E+00  0.000E+00  0.936E+01  0.000E+00  0.561E+00  0.000E+00  0.182E-03
154638.407        7005       43019  0.216E-02  0.000E+00  0.000E+00  0.933E+01  0.000E+00  0.537E+00  0.000E+00  0.182E-03
155638.254        7197       44870  0.216E-02  0.000E+00  0.000E+00  0.970E+01  0.000E+00  0.528E+00  0.000E+00  0.181E-03
160638.433        7413       46724  0.216E-02  0.000E+00  0.000E+00  0.971E+01  0.000E+00  0.527E+00  0.000E+00  0.181E-03
161638.455        7637       48575  0.216E-02  0.000E+00  0.000E+00  0.981E+01  0.000E+00  0.522E+00  0.000E+00  0.181E-03
162638.345        7834       50431  0.216E-02  0.000E+00  0.000E+00  0.938E+01  0.000E+00  0.623E+00  0.000E+00  0.181E-03
163638.322        8062       52289  0.216E-02  0.000E+00  0.000E+00  0.935E+01  0.000E+00  0.594E+00  0.000E+00  0.181E-03
164638.460        8250       54148  0.216E-02  0.000E+00  0.000E+00  0.935E+01  0.000E+00  0.502E+00  0.000E+00  0.181E-03
165638.349        8460       56003  0.216E-02  0.000E+00  0.000E+00  0.934E+01  0.000E+00  0.503E+00  0.000E+00  0.181E-03
170638.515        8664       57853  0.216E-02  0.000E+00  0.000E+00  0.934E+01  0.000E+00  0.495E+00  0.000E+00  0.180E-03
171638.339        8863       59702  0.216E-02  0.000E+00  0.000E+00  0.935E+01  0.000E+00  0.495E+00  0.000E+00  0.180E-03
172638.450        9085       61559  0.216E-02  0.000E+00  0.000E+00  0.934E+01  0.000E+00  0.497E+00  0.000E+00  0.180E-03
173638.438        9300       63416  0.216E-02  0.000E+00  0.000E+00  0.951E+01  0.000E+00  0.497E+00  0.000E+00  0.180E-03
174638.360        9521       65263  0.216E-02  0.000E+00  0.000E+00  0.936E+01  0.000E+00  0.517E+00  0.000E+00  0.180E-03
175638.386        9743       67114  0.216E-02  0.000E+00  0.000E+00  0.924E+01  0.000E+00  0.554E+00  0.000E+00  0.180E-03
180638.478        9946       68963  0.216E-02  0.000E+00  0.000E+00  0.951E+01  0.000E+00  0.523E+00  0.000E+00  0.179E-03
181638.292       10136       70814  0.216E-02  0.000E+00  0.000E+00  0.931E+01  0.000E+00  0.454E+00  0.000E+00  0.179E-03
182638.553       10318       72662  0.216E-02  0.000E+00  0.000E+00  0.918E+01  0.000E+00  0.454E+00  0.000E+00  0.179E-03
183638.539       10522       74512  0.215E-02  0.000E+00  0.000E+00  0.920E+01  0.000E+00  0.448E+00  0.000E+00  0.179E-03
184638.457       10740       76366  0.215E-02  0.000E+00  0.000E+00  0.916E+01  0.000E+00  0.448E+00  0.000E+00  0.179E-03
185638.543       10925       78220  0.215E-02  0.000E+00  0.000E+00  0.917E+01  0.000E+00  0.470E+00  0.000E+00  0.179E-03
190638.535       11137       80070  0.215E-02  0.000E+00  0.000E+00  0.917E+01  0.000E+00  0.510E+00  0.000E+00  0.178E-03
191638.430       11356       81927  0.215E-02  0.000E+00  0.000E+00  0.968E+01  0.000E+00  0.465E+00  0.000E+00  0.178E-03
192638.398       11559       83779  0.215E-02  0.000E+00  0.000E+00  0.936E+01  0.000E+00  0.461E+00  0.000E+00  0.178E-03
193638.304       11761       85627  0.215E-02  0.000E+00  0.000E+00  0.943E+01  0.000E+00  0.461E+00  0.000E+00  0.178E-03
194638.330       11967       87478  0.215E-02  0.000E+00  0.000E+00  0.102E+02  0.000E+00  0.419E+00  0.000E+00  0.178E-03
195638.472       12178       89332  0.215E-02  0.000E+00  0.000E+00  0.932E+01  0.000E+00  0.438E+00  0.000E+00  0.178E-03
200638.319       12355       91182  0.215E-02  0.000E+00  0.000E+00  0.939E+01  0.000E+00  0.428E+00  0.000E+00  0.177E-03
201638.465       12543       93028  0.215E-02  0.000E+00  0.000E+00  0.920E+01  0.000E+00  0.428E+00  0.000E+00  0.177E-03
202638.347       12775       94878  0.215E-02  0.000E+00  0.000E+00  0.921E+01  0.000E+00  0.409E+00  0.000E+00  0.177E-03
203638.393       12985       96731  0.215E-02  0.000E+00  0.000E+00  0.889E+01  0.000E+00  0.445E+00  0.000E+00  0.177E-03
204638.415       13179       98581  0.215E-02  0.000E+00  0.000E+00  0.912E+01  0.000E+00  0.431E+00  0.000E+00  0.177E-03
205638.417       13383      100432  0.215E-02  0.000E+00  0.000E+00  0.916E+01  0.000E+00  0.426E+00  0.000E+00  0.177E-03
210638.441       13556      102283  0.215E-02  0.000E+00  0.000E+00  0.913E+01  0.000E+00  0.453E+00  0.000E+00  0.176E-03
211638.263       13775      104132  0.215E-02  0.000E+00  0.000E+00  0.911E+01  0.000E+00  0.465E+00  0.000E+00  0.176E-03
212638.543       13962      105986  0.215E-02  0.000E+00  0.000E+00  0.945E+01  0.000E+00  0.457E+00  0.000E+00  0.176E-03
213638.265       14162      107833  0.215E-02  0.000E+00  0.000E+00  0.948E+01  0.000E+00  0.473E+00  0.000E+00  0.176E-03
214638.331       14363      109686  0.215E-02  0.000E+00  0.000E+00  0.936E+01  0.000E+00  0.469E+00  0.000E+00  0.176E-03
215638.526       14557      111534  0.215E-02  0.000E+00  0.000E+00  0.942E+01  0.000E+00  0.472E+00  0.000E+00  0.176E-03
220638.341       14793      113391  0.215E-02  0.000E+00  0.000E+00  0.936E+01  0.000E+00  0.474E+00  0.000E+00  0.176E-03
221638.564       14995      115248  0.215E-02  0.000E+00  0.000E+00  0.944E+01  0.000E+00  0.474E+00  0.000E+00  0.175E-03
222638.494       15211      117103  0.215E-02  0.000E+00  0.000E+00  0.960E+01  0.000E+00  0.473E+00  0.000E+00  0.175E-03
223638.326       15426      118962  0.215E-02  0.000E+00  0.000E+00  0.929E+01  0.000E+00  0.476E+00  0.000E+00  0.175E-03
224638.364       15623      120813  0.215E-02  0.000E+00  0.000E+00  0.968E+01  0.000E+00  0.478E+00  0.000E+00  0.175E-03
225638.524       15839      122668  0.215E-02  0.000E+00  0.000E+00  0.959E+01  0.000E+00  0.463E+00  0.000E+00  0.175E-03
230638.458       16059      124525  0.215E-02  0.000E+00  0.000E+00  0.952E+01  0.000E+00  0.462E+00  0.000E+00  0.175E-03
231638.348       16221      126379  0.215E-02  0.000E+00  0.000E+00  0.957E+01  0.000E+00  0.455E+00  0.000E+00  0.174E-03
232638.333       16428      128234  0.215E-02  0.000E+00  0.000E+00  0.946E+01  0.000E+00  0.470E+00  0.000E+00  0.174E-03
233638.298       16622      130088  0.215E-02  0.000E+00  0.000E+00  0.928E+01  0.000E+00  0.454E+00  0.000E+00  0.174E-03
234638.537       16830      131954  0.215E-02  0.000E+00  0.000E+00  0.946E+01  0.000E+00  0.454E+00  0.000E+00  0.174E-03
235638.578       17023      133815  0.215E-02  0.000E+00  0.000E+00  0.927E+01  0.000E+00  0.454E+00  0.000E+00  0.174E-03
000638.541       17252      135672  0.215E-02  0.000E+00  0.000E+00  0.938E+01  0.000E+00  0.441E+00  0.000E+00  0.174E-03
001638.269       17454      137524  0.215E-02  0.000E+00  0.000E+00  0.929E+01  0.000E+00  0.439E+00  0.000E+00  0.174E-03
002638.518       17665      139382  0.215E-02  0.000E+00  0.000E+00  0.932E+01  0.000E+00  0.396E+00  0.000E+00  0.173E-03
003638.354       17876      141240  0.214E-02  0.000E+00  0.000E+00  0.928E+01  0.000E+00  0.396E+00  0.000E+00  0.173E-03
004638.518       18079      143101  0.214E-02  0.000E+00  0.000E+00  0.963E+01  0.000E+00  0.500E+00  0.000E+00  0.173E-03
005638.288       18287      144959  0.214E-02  0.000E+00  0.000E+00  0.953E+01  0.000E+00  0.458E+00  0.000E+00  0.173E-03
010638.277       18485      146816  0.214E-02  0.000E+00  0.000E+00  0.910E+01  0.000E+00  0.420E+00  0.000E+00  0.173E-03
011638.427       18671      148672  0.214E-02  0.000E+00  0.000E+00  0.905E+01  0.000E+00  0.420E+00  0.000E+00  0.173E-03
012638.499       18881      150533  0.214E-02  0.000E+00  0.000E+00  0.905E+01  0.000E+00  0.434E+00  0.000E+00  0.173E-03
013638.251       19082      152389  0.214E-02  0.000E+00  0.000E+00  0.926E+01  0.000E+00  0.454E+00  0.000E+00  0.173E-03
014638.251       19277      154247  0.214E-02  0.000E+00  0.000E+00  0.937E+01  0.000E+00  0.468E+00  0.000E+00  0.172E-03
015638.424       19471      156111  0.214E-02  0.000E+00  0.000E+00  0.937E+01  0.000E+00  0.423E+00  0.000E+00  0.172E-03
020638.261       19654      157971  0.214E-02  0.000E+00  0.000E+00  0.911E+01  0.000E+00  0.420E+00  0.000E+00  0.172E-03
021638.322       19847      159832  0.214E-02  0.000E+00  0.000E+00  0.911E+01  0.000E+00  0.418E+00  0.000E+00  0.172E-03
022638.442       20039      161693  0.214E-02  0.000E+00  0.000E+00  0.912E+01  0.000E+00  0.398E+00  0.000E+00  0.172E-03
023638.510       20244      163545  0.214E-02  0.000E+00  0.000E+00  0.915E+01  0.000E+00  0.401E+00  0.000E+00  0.172E-03
024638.471       20425      165405  0.214E-02  0.000E+00  0.000E+00  0.957E+01  0.000E+00  0.398E+00  0.000E+00  0.172E-03
025638.551       20625      167265  0.214E-02  0.000E+00  0.000E+00  0.943E+01  0.000E+00  0.398E+00  0.000E+00  0.172E-03
030638.383       20809      169119  0.214E-02  0.000E+00  0.000E+00  0.946E+01  0.000E+00  0.398E+00  0.000E+00  0.172E-03
031638.440       21023      170979  0.214E-02  0.000E+00  0.000E+00  0.101E+02  0.000E+00  0.402E+00  0.000E+00  0.172E-03
032638.450       21210      172834  0.214E-02  0.000E+00  0.000E+00  0.957E+01  0.000E+00  0.402E+00  0.000E+00  0.171E-03
033638.263       21414      174693  0.214E-02  0.000E+00  0.000E+00  0.952E+01  0.000E+00  0.394E+00  0.000E+00  0.171E-03
034638.522       21638      176551  0.214E-02  0.000E+00  0.000E+00  0.970E+01  0.000E+00  0.394E+00  0.000E+00  0.171E-03
035638.331       21819      178410  0.214E-02  0.000E+00  0.000E+00  0.973E+01  0.000E+00  0.402E+00  0.000E+00  0.171E-03
040638.316       22003      180268  0.214E-02  0.000E+00  0.000E+00  0.977E+01  0.000E+00  0.401E+00  0.000E+00  0.171E-03
041638.351       22205      182126  0.214E-02  0.000E+00  0.000E+00  0.939E+01  0.000E+00  0.401E+00  0.000E+00  0.171E-03
042638.402       22413      183990  0.214E-02  0.000E+00  0.000E+00  0.921E+01  0.000E+00  0.401E+00  0.000E+00  0.171E-03
043638.465       22592      185841  0.214E-02  0.000E+00  0.000E+00  0.933E+01  0.000E+00  0.411E+00  0.000E+00  0.171E-03
044638.260       22796      187696  0.214E-02  0.000E+00  0.000E+00  0.914E+01  0.000E+00  0.427E+00  0.000E+00  0.171E-03
045638.317       22997      189552  0.214E-02  0.000E+00  0.000E+00  0.914E+01  0.000E+00  0.431E+00  0.000E+00  0.170E-03
050638.502       23206      191423  0.214E-02  0.000E+00  0.000E+00  0.939E+01  0.000E+00  0.449E+00  0.000E+00  0.170E-03
051638.558       23405      193285  0.214E-02  0.000E+00  0.000E+00  0.940E+01  0.000E+00  0.455E+00  0.000E+00  0.170E-03
052638.334       23572      195147  0.214E-02  0.000E+00  0.000E+00  0.953E+01  0.000E+00  0.455E+00  0.000E+00  0.170E-03
053638.498       23762      197044  0.214E-02  0.000E+00  0.000E+00  0.101E+02  0.000E+00  0.447E+00  0.000E+00  0.170E-03
054638.320       23963      198960  0.214E-02  0.000E+00  0.000E+00  0.934E+01  0.000E+00  0.448E+00  0.000E+00  0.170E-03
055638.282       24167      200854  0.214E-02  0.000E+00  0.000E+00  0.926E+01  0.000E+00  0.470E+00  0.000E+00  0.170E-03
060638.393       24366      202753  0.214E-02  0.000E+00  0.000E+00  0.934E+01  0.000E+00  0.463E+00  0.000E+00  0.169E-03
061638.296       24542      204651  0.214E-02  0.000E+00  0.000E+00  0.910E+01  0.000E+00  0.434E+00  0.000E+00  0.169E-03
062638.421       24742      206545  0.214E-02  0.000E+00  0.000E+00  0.916E+01  0.000E+00  0.440E+00  0.000E+00  0.169E-03
063638.354       24942      208437  0.214E-02  0.000E+00  0.000E+00  0.916E+01  0.000E+00  0.458E+00  0.000E+00  0.169E-03
064638.464       25153      210337  0.214E-02  0.000E+00  0.000E+00  0.920E+01  0.000E+00  0.458E+00  0.000E+00  0.169E-03
065638.496       25363      212230  0.214E-02  0.000E+00  0.000E+00  0.910E+01  0.000E+00  0.439E+00  0.000E+00  0.169E-03
070638.414       25571      214127  0.214E-02  0.000E+00  0.000E+00  0.916E+01  0.000E+00  0.449E+00  0.000E+00  0.169E-03
071638.462       25790      216022  0.214E-02  0.000E+00  0.000E+00  0.908E+01  0.000E+00  0.428E+00  0.000E+00  0.169E-03
072638.476       25974      217930  0.214E-02  0.000E+00  0.000E+00  0.914E+01  0.000E+00  0.429E+00  0.000E+00  0.169E-03
073638.547       26163      219827  0.214E-02  0.000E+00  0.000E+00  0.915E+01  0.000E+00  0.445E+00  0.000E+00  0.168E-03
074638.388       26366      221682  0.213E-02  0.000E+00  0.000E+00  0.926E+01  0.000E+00  0.463E+00  0.000E+00  0.168E-03
075638.301       26556      223581  0.213E-02  0.000E+00  0.000E+00  0.916E+01  0.000E+00  0.427E+00  0.000E+00  0.168E-03
080638.400       26764      225480  0.213E-02  0.000E+00  0.000E+00  0.922E+01  0.000E+00  0.448E+00  0.000E+00  0.168E-03
081638.496       26958      227377  0.213E-02  0.000E+00  0.000E+00  0.911E+01  0.000E+00  0.450E+00  0.000E+00  0.168E-03
082638.483       27146      229283  0.213E-02  0.000E+00  0.000E+00  0.921E+01  0.000E+00  0.460E+00  0.000E+00  0.168E-03
083638.399       27351      231199  0.213E-02  0.000E+00  0.000E+00  0.911E+01  0.000E+00  0.443E+00  0.000E+00  0.167E-03
084638.293       27540      233103  0.213E-02  0.000E+00  0.000E+00  0.932E+01  0.000E+00  0.459E+00  0.000E+00  0.167E-03
085638.422       27740      235010  0.213E-02  0.000E+00  0.000E+00  0.914E+01  0.000E+00  0.492E+00  0.000E+00  0.167E-03
090638.403       27949      236916  0.213E-02  0.000E+00  0.000E+00  0.914E+01  0.000E+00  0.481E+00  0.000E+00  0.167E-03
091638.398       28134      238822  0.213E-02  0.000E+00  0.000E+00  0.916E+01  0.000E+00  0.447E+00  0.000E+00  0.167E-03
092638.397       28330      240730  0.213E-02  0.000E+00  0.000E+00  0.914E+01  0.000E+00  0.448E+00  0.000E+00  0.167E-03
093638.302       28527      242632  0.213E-02  0.000E+00  0.000E+00  0.916E+01  0.000E+00  0.489E+00  0.000E+00  0.167E-03
094638.386       28734      244543  0.213E-02  0.000E+00  0.000E+00  0.923E+01  0.000E+00  0.459E+00  0.000E+00  0.167E-03
095638.278       28952      246452  0.213E-02  0.000E+00  0.000E+00  0.914E+01  0.000E+00  0.472E+00  0.000E+00  0.166E-03
100638.542       29129      248355  0.213E-02  0.000E+00  0.000E+00  0.915E+01  0.000E+00  0.528E+00  0.000E+00  0.166E-03
101638.369       29309      250261  0.213E-02  0.000E+00  0.000E+00  0.915E+01  0.000E+00  0.489E+00  0.000E+00  0.166E-03
102638.496       29497      252169  0.213E-02  0.000E+00  0.000E+00  0.915E+01  0.000E+00  0.471E+00  0.000E+00  0.166E-03
103638.401       29687      254070  0.213E-02  0.000E+00  0.000E+00  0.980E+01  0.000E+00  0.471E+00  0.000E+00  0.166E-03
104638.286       29885      255972  0.213E-02  0.000E+00  0.000E+00  0.933E+01  0.000E+00  0.440E+00  0.000E+00  0.166E-03
105638.272       30079      257879  0.213E-02  0.000E+00  0.000E+00  0.930E+01  0.000E+00  0.452E+00  0.000E+00  0.166E-03
110638.421       30288      259794  0.213E-02  0.000E+00  0.000E+00  0.885E+01  0.000E+00  0.452E+00  0.000E+00  0.166E-03
111638.436       30456      261708  0.213E-02  0.000E+00  0.000E+00  0.917E+01  0.000E+00  0.451E+00  0.000E+00  0.165E-03
112638.495       30676      263629  0.213E-02  0.000E+00  0.000E+00  0.897E+01  0.000E+00  0.441E+00  0.000E+00  0.165E-03
113638.358       30886      265543  0.213E-02  0.000E+00  0.000E+00  0.920E+01  0.000E+00  0.398E+00  0.000E+00  0.165E-03
114638.453       31090      267464  0.213E-02  0.000E+00  0.000E+00  0.900E+01  0.000E+00  0.396E+00  0.000E+00  0.165E-03
115638.546       31305      269378  0.213E-02  0.000E+00  0.000E+00  0.894E+01  0.000E+00  0.396E+00  0.000E+00  0.165E-03
120638.437       31500      271280  0.213E-02  0.000E+00  0.000E+00  0.885E+01  0.000E+00  0.399E+00  0.000E+00  0.165E-03
121638.323       31680      273185  0.213E-02  0.000E+00  0.000E+00  0.897E+01  0.000E+00  0.399E+00  0.000E+00  0.165E-03
122638.294       31857      275103  0.213E-02  0.000E+00  0.000E+00  0.894E+01  0.000E+00  0.413E+00  0.000E+00  0.165E-03
123638.542       32048      277012  0.213E-02  0.000E+00  0.000E+00  0.903E+01  0.000E+00  0.413E+00  0.000E+00  0.165E-03
124638.302       32246      278925  0.213E-02  0.000E+00  0.000E+00  0.877E+01  0.000E+00  0.412E+00  0.000E+00  0.165E-03
125638.307       32448      280837  0.213E-02  0.000E+00  0.000E+00  0.878E+01  0.000E+00  0.415E+00  0.000E+00  0.165E-03
130638.413       32623      282748  0.213E-02  0.000E+00  0.000E+00  0.895E+01  0.000E+00  0.399E+00  0.000E+00  0.164E-03
131638.325       32821      284650  0.213E-02  0.000E+00  0.000E+00  0.862E+01  0.000E+00  0.406E+00  0.000E+00  0.164E-03
132638.491       33022      286567  0.213E-02  0.000E+00  0.000E+00  0.886E+01  0.000E+00  0.402E+00  0.000E+00  0.164E-03
133638.303       33186      288476  0.213E-02  0.000E+00  0.000E+00  0.874E+01  0.000E+00  0.400E+00  0.000E+00  0.164E-03
134638.343       33369      290385  0.213E-02  0.000E+00  0.000E+00  0.863E+01  0.000E+00  0.413E+00  0.000E+00  0.164E-03
135638.433       33546      292300  0.213E-02  0.000E+00  0.000E+00  0.864E+01  0.000E+00  0.414E+00  0.000E+00  0.164E-03
140638.370       33763      294213  0.213E-02  0.000E+00  0.000E+00  0.870E+01  0.000E+00  0.424E+00  0.000E+00  0.164E-03
141638.534       33959      296122  0.213E-02  0.000E+00  0.000E+00  0.865E+01  0.000E+00  0.406E+00  0.000E+00  0.164E-03
142638.413       34147      298032  0.213E-02  0.000E+00  0.000E+00  0.865E+01  0.000E+00  0.400E+00  0.000E+00  0.164E-03
143638.425       34329      299893  0.213E-02  0.000E+00  0.000E+00  0.865E+01  0.000E+00  0.400E+00  0.000E+00  0.163E-03
144638.366       34513      301798  0.213E-02  0.000E+00  0.000E+00  0.869E+01  0.000E+00  0.401E+00  0.000E+00  0.163E-03
145638.351       34726      303700  0.213E-02  0.000E+00  0.000E+00  0.891E+01  0.000E+00  0.388E+00  0.000E+00  0.163E-03
150638.502       34903      305605  0.213E-02  0.000E+00  0.000E+00  0.880E+01  0.000E+00  0.400E+00  0.000E+00  0.163E-03
151638.342       35095      307513  0.213E-02  0.000E+00  0.000E+00  0.887E+01  0.000E+00  0.411E+00  0.000E+00  0.163E-03
152638.321       35283      309428  0.213E-02  0.000E+00  0.000E+00  0.879E+01  0.000E+00  0.401E+00  0.000E+00  0.163E-03
153638.504       35478      311344  0.213E-02  0.000E+00  0.000E+00  0.875E+01  0.000E+00  0.387E+00  0.000E+00  0.163E-03
154638.531       35666      313244  0.212E-02  0.000E+00  0.000E+00  0.875E+01  0.000E+00  0.388E+00  0.000E+00  0.163E-03
155638.309       35842      315158  0.212E-02  0.000E+00  0.000E+00  0.891E+01  0.000E+00  0.388E+00  0.000E+00  0.163E-03
160638.337       36054      317074  0.212E-02  0.000E+00  0.000E+00  0.890E+01  0.000E+00  0.380E+00  0.000E+00  0.162E-03
161638.285       36235      318990  0.212E-02  0.000E+00  0.000E+00  0.862E+01  0.000E+00  0.380E+00  0.000E+00  0.162E-03
162638.295       36434      320914  0.212E-02  0.000E+00  0.000E+00  0.922E+01  0.000E+00  0.420E+00  0.000E+00  0.162E-03
163638.524       36622      322844  0.212E-02  0.000E+00  0.000E+00  0.881E+01  0.000E+00  0.420E+00  0.000E+00  0.162E-03
164638.260       36819      324759  0.212E-02  0.000E+00  0.000E+00  0.872E+01  0.000E+00  0.417E+00  0.000E+00  0.162E-03
165638.497       37013      326678  0.212E-02  0.000E+00  0.000E+00  0.871E+01  0.000E+00  0.418E+00  0.000E+00  0.162E-03
170638.542       37218      328594  0.212E-02  0.000E+00  0.000E+00  0.880E+01  0.000E+00  0.422E+00  0.000E+00  0.162E-03
171638.305       37420      330517  0.212E-02  0.000E+00  0.000E+00  0.880E+01  0.000E+00  0.420E+00  0.000E+00  0.162E-03
172638.555       37616      332435  0.212E-02  0.000E+00  0.000E+00  0.872E+01  0.000E+00  0.464E+00  0.000E+00  0.162E-03
173638.440       37814      334349  0.212E-02  0.000E+00  0.000E+00  0.880E+01  0.000E+00  0.400E+00  0.000E+00  0.162E-03
174638.319       37999      336256  0.212E-02  0.000E+00  0.000E+00  0.901E+01  0.000E+00  0.391E+00  0.000E+00  0.161E-03
175638.377       38197      338157  0.212E-02  0.000E+00  0.000E+00  0.857E+01  0.000E+00  0.415E+00  0.000E+00  0.161E-03
180638.366       38376      340064  0.212E-02  0.000E+00  0.000E+00  0.848E+01  0.000E+00  0.414E+00  0.000E+00  0.161E-03
181638.329       38562      341969  0.212E-02  0.000E+00  0.000E+00  0.856E+01  0.000E+00  0.412E+00  0.000E+00  0.161E-03
182638.476       38765      343882  0.212E-02  0.000E+00  0.000E+00  0.856E+01  0.000E+00  0.410E+00  0.000E+00  0.161E-03
183638.368       38974      345784  0.212E-02  0.000E+00  0.000E+00  0.844E+01  0.000E+00  0.426E+00  0.000E+00  0.161E-03
184638.463       39174      347694  0.212E-02  0.000E+00  0.000E+00  0.853E+01  0.000E+00  0.437E+00  0.000E+00  0.161E-03
185638.383       39382      349615  0.212E-02  0.000E+00  0.000E+00  0.853E+01  0.000E+00  0.404E+00  0.000E+00  0.161E-03
190638.266       39565      351532  0.212E-02  0.000E+00  0.000E+00  0.862E+01  0.000E+00  0.391E+00  0.000E+00  0.161E-03
191638.338       39760      353452  0.212E-02  0.000E+00  0.000E+00  0.841E+01  0.000E+00  0.392E+00  0.000E+00  0.160E-03
192638.491       39960      355384  0.212E-02  0.000E+00  0.000E+00  0.842E+01  0.000E+00  0.392E+00  0.000E+00  0.160E-03
193638.387       40132      357314  0.212E-02  0.000E+00  0.000E+00  0.846E+01  0.000E+00  0.399E+00  0.000E+00  0.160E-03
194638.439       40331      359231  0.212E-02  0.000E+00  0.000E+00  0.849E+01  0.000E+00  0.406E+00  0.000E+00  0.160E-03
195638.366       40553      361156  0.212E-02  0.000E+00  0.000E+00  0.873E+01  0.000E+00  0.382E+00  0.000E+00  0.160E-03
200638.392       40713      363081  0.212E-02  0.000E+00  0.000E+00  0.885E+01  0.000E+00  0.430E+00  0.000E+00  0.160E-03
201638.465       40924      365001  0.212E-02  0.000E+00  0.000E+00  0.870E+01  0.000E+00  0.463E+00  0.000E+00  0.160E-03
202638.293       41129      366912  0.212E-02  0.000E+00  0.000E+00  0.870E+01  0.000E+00  0.417E+00  0.000E+00  0.159E-03
203638.345       41315      368817  0.212E-02  0.000E+00  0.000E+00  0.893E+01  0.000E+00  0.417E+00  0.000E+00  0.159E-03
204638.434       41515      370727  0.212E-02  0.000E+00  0.000E+00  0.889E+01  0.000E+00  0.417E+00  0.000E+00  0.159E-03
205638.292       41685      372632  0.212E-02  0.000E+00  0.000E+00  0.887E+01  0.000E+00  0.425E+00  0.000E+00  0.159E-03
210638.339       41858      374539  0.212E-02  0.000E+00  0.000E+00  0.872E+01  0.000E+00  0.397E+00  0.000E+00  0.159E-03
211638.562       42052      376448  0.212E-02  0.000E+00  0.000E+00  0.874E+01  0.000E+00  0.435E+00  0.000E+00  0.159E-03
212638.321       42240      378348  0.212E-02  0.000E+00  0.000E+00  0.882E+01  0.000E+00  0.427E+00  0.000E+00  0.159E-03
213638.396       42435      380258  0.212E-02  0.000E+00  0.000E+00  0.894E+01  0.000E+00  0.426E+00  0.000E+00  0.159E-03
214638.287       42629      382190  0.212E-02  0.000E+00  0.000E+00  0.886E+01  0.000E+00  0.426E+00  0.000E+00  0.159E-03
215638.348       42834      384111  0.212E-02  0.000E+00  0.000E+00  0.867E+01  0.000E+00  0.425E+00  0.000E+00  0.159E-03
220638.361       43009      386032  0.212E-02  0.000E+00  0.000E+00  0.862E+01  0.000E+00  0.425E+00  0.000E+00  0.158E-03
221638.323       43192      387945  0.212E-02  0.000E+00  0.000E+00  0.862E+01  0.000E+00  0.389E+00  0.000E+00  0.158E-03
222638.256       43355      389854  0.212E-02  0.000E+00  0.000E+00  0.867E+01  0.000E+00  0.389E+00  0.000E+00  0.158E-03
223638.508       43519      391764  0.212E-02  0.000E+00  0.000E+00  0.880E+01  0.000E+00  0.389E+00  0.000E+00  0.158E-03
224638.320       43703      393666  0.212E-02  0.000E+00  0.000E+00  0.885E+01  0.000E+00  0.389E+00  0.000E+00  0.158E-03
225638.381       43878      395572  0.212E-02  0.000E+00  0.000E+00  0.883E+01  0.000E+00  0.389E+00  0.000E+00  0.158E-03
230638.380       44050      397479  0.212E-02  0.000E+00  0.000E+00  0.885E+01  0.000E+00  0.382E+00  0.000E+00  0.158E-03
231638.443       44251      399387  0.212E-02  0.000E+00  0.000E+00  0.916E+01  0.000E+00  0.392E+00  0.000E+00  0.158E-03
232638.375       44391      401301  0.212E-02  0.000E+00  0.000E+00  0.894E+01  0.000E+00  0.380E+00  0.000E+00  0.158E-03
233638.525       44650      403213  0.212E-02  0.000E+00  0.000E+00  0.891E+01  0.000E+00  0.447E+00  0.000E+00  0.158E-03
234638.322       44844      405131  0.212E-02  0.000E+00  0.000E+00  0.909E+01  0.000E+00  0.420E+00  0.000E+00  0.158E-03
235638.455       45045      407055  0.212E-02  0.000E+00  0.000E+00  0.882E+01  0.000E+00  0.395E+00  0.000E+00  0.157E-03
000638.282       45230      408970  0.212E-02  0.000E+00  0.000E+00  0.877E+01  0.000E+00  0.407E+00  0.000E+00  0.157E-03
001638.275       45414      410880  0.212E-02  0.000E+00  0.000E+00  0.876E+01  0.000E+00  0.407E+00  0.000E+00  0.157E-03
002638.457       45593      412791  0.212E-02  0.000E+00  0.000E+00  0.880E+01  0.000E+00  0.401E+00  0.000E+00  0.157E-03
003638.252       45792      414699  0.211E-02  0.000E+00  0.000E+00  0.878E+01  0.000E+00  0.401E+00  0.000E+00  0.157E-03
004638.561       45998      416623  0.211E-02  0.000E+00  0.000E+00  0.877E+01  0.000E+00  0.395E+00  0.000E+00  0.157E-03
005638.279       46162      418538  0.211E-02  0.000E+00  0.000E+00  0.882E+01  0.000E+00  0.423E+00  0.000E+00  0.157E-03
010638.494       46344      420462  0.211E-02  0.000E+00  0.000E+00  0.876E+01  0.000E+00  0.423E+00  0.000E+00  0.157E-03
011638.542       46545      422393  0.211E-02  0.000E+00  0.000E+00  0.876E+01  0.000E+00  0.431E+00  0.000E+00  0.157E-03
012638.532       46750      424306  0.211E-02  0.000E+00  0.000E+00  0.876E+01  0.000E+00  0.417E+00  0.000E+00  0.156E-03
013638.278       46928      426208  0.211E-02  0.000E+00  0.000E+00  0.880E+01  0.000E+00  0.418E+00  0.000E+00  0.156E-03
014638.346       47141      428127  0.211E-02  0.000E+00  0.000E+00  0.883E+01  0.000E+00  0.418E+00  0.000E+00  0.156E-03
015638.511       47314      430037  0.211E-02  0.000E+00  0.000E+00  0.907E+01  0.000E+00  0.428E+00  0.000E+00  0.156E-03
020638.447       47500      431943  0.211E-02  0.000E+00  0.000E+00  0.899E+01  0.000E+00  0.398E+00  0.000E+00  0.156E-03
021638.379       47699      433852  0.211E-02  0.000E+00  0.000E+00  0.877E+01  0.000E+00  0.391E+00  0.000E+00  0.156E-03
022638.550       47876      435768  0.211E-02  0.000E+00  0.000E+00  0.869E+01  0.000E+00  0.368E+00  0.000E+00  0.156E-03
023638.564       48077      437675  0.211E-02  0.000E+00  0.000E+00  0.900E+01  0.000E+00  0.365E+00  0.000E+00  0.156E-03
024638.463       48265      439588  0.211E-02  0.000E+00  0.000E+00  0.883E+01  0.000E+00  0.392E+00  0.000E+00  0.156E-03
025638.378       48424      441494  0.211E-02  0.000E+00  0.000E+00  0.879E+01  0.000E+00  0.392E+00  0.000E+00  0.156E-03
030638.280       48620      443397  0.211E-02  0.000E+00  0.000E+00  0.898E+01  0.000E+00  0.384E+00  0.000E+00  0.155E-03
031638.509       48821      445299  0.211E-02  0.000E+00  0.000E+00  0.875E+01  0.000E+00  0.385E+00  0.000E+00  0.155E-03
032638.426       48986      447206  0.211E-02  0.000E+00  0.000E+00  0.896E+01  0.000E+00  0.386E+00  0.000E+00  0.155E-03
033638.557       49166      449115  0.211E-02  0.000E+00  0.000E+00  0.885E+01  0.000E+00  0.386E+00  0.000E+00  0.155E-03
034638.369       49349      451016  0.211E-02  0.000E+00  0.000E+00  0.867E+01  0.000E+00  0.386E+00  0.000E+00  0.155E-03
035638.487       49548      452925  0.211E-02  0.000E+00  0.000E+00  0.951E+01  0.000E+00  0.381E+00  0.000E+00  0.155E-03
040638.329       49733      454833  0.211E-02  0.000E+00  0.000E+00  0.888E+01  0.000E+00  0.381E+00  0.000E+00  0.155E-03
041638.449       49927      456730  0.211E-02  0.000E+00  0.000E+00  0.886E+01  0.000E+00  0.388E+00  0.000E+00  0.155E-03
042638.557       50103      458636  0.211E-02  0.000E+00  0.000E+00  0.908E+01  0.000E+00  0.388E+00  0.000E+00  0.155E-03
043638.318       50287      460545  0.211E-02  0.000E+00  0.000E+00  0.897E+01  0.000E+00  0.389E+00  0.000E+00  0.155E-03
044638.366       50464      462457  0.211E-02  0.000E+00  0.000E+00  0.906E+01  0.000E+00  0.403E+00  0.000E+00  0.155E-03
045638.263       50624      464371  0.211E-02  0.000E+00  0.000E+00  0.909E+01  0.000E+00  0.403E+00  0.000E+00  0.155E-03
050638.317       50789      466285  0.211E-02  0.000E+00  0.000E+00  0.863E+01  0.000E+00  0.403E+00  0.000E+00  0.155E-03
051638.412       51014      468195  0.211E-02  0.000E+00  0.000E+00  0.871E+01  0.000E+00  0.401E+00  0.000E+00  0.154E-03
052638.496       51194      470107  0.211E-02  0.000E+00  0.000E+00  0.878E+01  0.000E+00  0.404E+00  0.000E+00  0.154E-03
053638.301       51375      472019  0.211E-02  0.000E+00  0.000E+00  0.863E+01  0.000E+00  0.405E+00  0.000E+00  0.154E-03
054638.266       51575      473931  0.211E-02  0.000E+00  0.000E+00  0.867E+01  0.000E+00  0.406E+00  0.000E+00  0.154E-03
055638.454       51744      475852  0.211E-02  0.000E+00  0.000E+00  0.864E+01  0.000E+00  0.400E+00  0.000E+00  0.154E-03
060638.561       51905      477759  0.211E-02  0.000E+00  0.000E+00  0.866E+01  0.000E+00  0.400E+00  0.000E+00  0.154E-03
061638.268       52080      479666  0.211E-02  0.000E+00  0.000E+00  0.863E+01  0.000E+00  0.398E+00  0.000E+00  0.154E-03
062638.304       52263      481585  0.211E-02  0.000E+00  0.000E+00  0.882E+01  0.000E+00  0.400E+00  0.000E+00  0.154E-03
063638.362       52448      483502  0.211E-02  0.000E+00  0.000E+00  0.903E+01  0.000E+00  0.405E+00  0.000E+00  0.154E-03
064638.327       52666      485423  0.211E-02  0.000E+00  0.000E+00  0.876E+01  0.000E+00  0.399E+00  0.000E+00  0.154E-03
065638.391       52846      487333  0.211E-02  0.000E+00  0.000E+00  0.889E+01  0.000E+00  0.399E+00  0.000E+00  0.154E-03
070638.327       52989      489245  0.211E-02  0.000E+00  0.000E+00  0.876E+01  0.000E+00  0.399E+00  0.000E+00  0.154E-03
071638.261       53220      491162  0.211E-02  0.000E+00  0.000E+00  0.898E+01  0.000E+00  0.414E+00  0.000E+00  0.154E-03
072638.328       53389      493076  0.211E-02  0.000E+00  0.000E+00  0.898E+01  0.000E+00  0.416E+00  0.000E+00  0.153E-03
073638.480       53576      494993  0.211E-02  0.000E+00  0.000E+00  0.881E+01  0.000E+00  0.421E+00  0.000E+00  0.153E-03
074638.352       53753      496902  0.211E-02  0.000E+00  0.000E+00  0.894E+01  0.000E+00  0.421E+00  0.000E+00  0.153E-03
075638.491       53936      498810  0.211E-02  0.000E+00  0.000E+00  0.890E+01  0.000E+00  0.432E+00  0.000E+00  0.153E-03
080638.451       54126      500699  0.211E-02  0.000E+00  0.000E+00  0.909E+01  0.000E+00  0.394E+00  0.000E+00  0.153E-03
081638.280       54314      502605  0.211E-02  0.000E+00  0.000E+00  0.887E+01  0.000E+00  0.451E+00  0.000E+00  0.153E-03
082638.333       54486      504516  0.211E-02  0.000E+00  0.000E+00  0.901E+01  0.000E+00  0.433E+00  0.000E+00  0.153E-03
083638.474       54648      506431  0.211E-02  0.000E+00  0.000E+00  0.898E+01  0.000E+00  0.418E+00  0.000E+00  0.153E-03
084638.473       54825      508340  0.211E-02  0.000E+00  0.000E+00  0.910E+01  0.000E+00  0.418E+00  0.000E+00  0.153E-03
085638.467       55001      510260  0.211E-02  0.000E+00  0.000E+00  0.916E+01  0.000E+00  0.418E+00  0.000E+00  0.153E-03
090638.399       55207      512176  0.211E-02  0.000E+00  0.000E+00  0.936E+01  0.000E+00  0.453E+00  0.000E+00  0.152E-03
091638.273       55398      514083  0.211E-02  0.000E+00  0.000E+00  0.905E+01  0.000E+00  0.453E+00  0.000E+00  0.152E-03
092638.430       55554      515994  0.211E-02  0.000E+00  0.000E+00  0.902E+01  0.000E+00  0.439E+00  0.000E+00  0.152E-03
093638.540       55741      517905  0.211E-02  0.000E+00  0.000E+00  0.919E+01  0.000E+00  0.406E+00  0.000E+00  0.152E-03
094638.564       55912      519833  0.211E-02  0.000E+00  0.000E+00  0.914E+01  0.000E+00  0.394E+00  0.000E+00  0.152E-03
095638.488       56096      521748  0.211E-02  0.000E+00  0.000E+00  0.916E+01  0.000E+00  0.394E+00  0.000E+00  0.152E-03
100638.263       56294      523661  0.210E-02  0.000E+00  0.000E+00  0.910E+01  0.000E+00  0.370E+00  0.000E+00  0.152E-03
101638.370       56476      525581  0.210E-02  0.000E+00  0.000E+00  0.925E+01  0.000E+00  0.372E+00  0.000E+00  0.152E-03
102638.484       56673      527491  0.210E-02  0.000E+00  0.000E+00  0.938E+01  0.000E+00  0.368E+00  0.000E+00  0.152E-03
103638.267       56849      529401  0.210E-02  0.000E+00  0.000E+00  0.909E+01  0.000E+00  0.366E+00  0.000E+00  0.152E-03
104638.434       57035      531318  0.210E-02  0.000E+00  0.000E+00  0.946E+01  0.000E+00  0.367E+00  0.000E+00  0.152E-03
105638.532       57220      533244  0.210E-02  0.000E+00  0.000E+00  0.914E+01  0.000E+00  0.356E+00  0.000E+00  0.152E-03
110638.438       57414      535184  0.210E-02  0.000E+00  0.000E+00  0.907E+01  0.000E+00  0.355E+00  0.000E+00  0.151E-03
111638.340       57609      537125  0.210E-02  0.000E+00  0.000E+00  0.895E+01  0.000E+00  0.355E+00  0.000E+00  0.151E-03
112638.487       57791      539069  0.210E-02  0.000E+00  0.000E+00  0.871E+01  0.000E+00  0.360E+00  0.000E+00  0.151E-03
113638.271       57972      541011  0.210E-02  0.000E+00  0.000E+00  0.874E+01  0.000E+00  0.360E+00  0.000E+00  0.151E-03
114638.523       58151      542944  0.210E-02  0.000E+00  0.000E+00  0.868E+01  0.000E+00  0.354E+00  0.000E+00  0.151E-03
115638.577       58325      544858  0.210E-02  0.000E+00  0.000E+00  0.876E+01  0.000E+00  0.354E+00  0.000E+00  0.151E-03
120638.258       58492      546767  0.210E-02  0.000E+00  0.000E+00  0.863E+01  0.000E+00  0.362E+00  0.000E+00  0.151E-03
121638.258       58674      548670  0.210E-02  0.000E+00  0.000E+00  0.864E+01  0.000E+00  0.372E+00  0.000E+00  0.151E-03
122638.341       58871      550582  0.210E-02  0.000E+00  0.000E+00  0.906E+01  0.000E+00  0.369E+00  0.000E+00  0.151E-03
123638.496       59071      552499  0.210E-02  0.000E+00  0.000E+00  0.903E+01  0.000E+00  0.369E+00  0.000E+00  0.151E-03
124638.426       59244      554409  0.210E-02  0.000E+00  0.000E+00  0.884E+01  0.000E+00  0.405E+00  0.000E+00  0.151E-03
125638.408       59417      556324  0.210E-02  0.000E+00  0.000E+00  0.885E+01  0.000E+00  0.383E+00  0.000E+00  0.151E-03
130638.278       59587      558234  0.210E-02  0.000E+00  0.000E+00  0.883E+01  0.000E+00  0.426E+00  0.000E+00  0.151E-03
131638.541       59764      560150  0.210E-02  0.000E+00  0.000E+00  0.883E+01  0.000E+00  0.379E+00  0.000E+00  0.150E-03
132638.257       59942      562065  0.210E-02  0.000E+00  0.000E+00  0.885E+01  0.000E+00  0.380E+00  0.000E+00  0.150E-03
133638.320       60123      563982  0.210E-02  0.000E+00  0.000E+00  0.883E+01  0.000E+00  0.370E+00  0.000E+00  0.150E-03
134638.346       60298      565909  0.210E-02  0.000E+00  0.000E+00  0.879E+01  0.000E+00  0.370E+00  0.000E+00  0.150E-03
135638.523       60479      567813  0.210E-02  0.000E+00  0.000E+00  0.876E+01  0.000E+00  0.371E+00  0.000E+00  0.150E-03
140638.329       60663      569730  0.210E-02  0.000E+00  0.000E+00  0.886E+01  0.000E+00  0.370E+00  0.000E+00  0.150E-03
141638.483       60829      571628  0.210E-02  0.000E+00  0.000E+00  0.872E+01  0.000E+00  0.371E+00  0.000E+00  0.150E-03
142638.486       61004      573503  0.210E-02  0.000E+00  0.000E+00  0.873E+01  0.000E+00  0.401E+00  0.000E+00  0.150E-03
143638.288       61177      575426  0.210E-02  0.000E+00  0.000E+00  0.874E+01  0.000E+00  0.412E+00  0.000E+00  0.150E-03
144638.478       61353      577330  0.210E-02  0.000E+00  0.000E+00  0.873E+01  0.000E+00  0.444E+00  0.000E+00  0.150E-03
145638.522       61543      579272  0.210E-02  0.000E+00  0.000E+00  0.873E+01  0.000E+00  0.438E+00  0.000E+00  0.150E-03
150638.377       61747      581205  0.210E-02  0.000E+00  0.000E+00  0.876E+01  0.000E+00  0.418E+00  0.000E+00  0.149E-03
151638.473       61931      583132  0.210E-02  0.000E+00  0.000E+00  0.889E+01  0.000E+00  0.407E+00  0.000E+00  0.149E-03
152638.253       62115      585052  0.210E-02  0.000E+00  0.000E+00  0.873E+01  0.000E+00  0.413E+00  0.000E+00  0.149E-03
153638.293       62281      586960  0.210E-02  0.000E+00  0.000E+00  0.877E+01  0.000E+00  0.389E+00  0.000E+00  0.149E-03
154638.517       62468      588867  0.210E-02  0.000E+00  0.000E+00  0.871E+01  0.000E+00  0.398E+00  0.000E+00  0.149E-03
155638.398       62634      590770  0.210E-02  0.000E+00  0.000E+00  0.871E+01  0.000E+00  0.396E+00  0.000E+00  0.149E-03
160638.276       62795      592675  0.210E-02  0.000E+00  0.000E+00  0.871E+01  0.000E+00  0.393E+00  0.000E+00  0.149E-03
161638.349       62978      594597  0.210E-02  0.000E+00  0.000E+00  0.883E+01  0.000E+00  0.416E+00  0.000E+00  0.149E-03
162638.506       63164      596516  0.210E-02  0.000E+00  0.000E+00  0.871E+01  0.000E+00  0.389E+00  0.000E+00  0.149E-03
163638.551       63335      598432  0.210E-02  0.000E+00  0.000E+00  0.872E+01  0.000E+00  0.392E+00  0.000E+00  0.149E-03
164638.329       63555      600345  0.210E-02  0.000E+00  0.000E+00  0.874E+01  0.000E+00  0.416E+00  0.000E+00  0.148E-03
165638.317       63730      602255  0.210E-02  0.000E+00  0.000E+00  0.883E+01  0.000E+00  0.385E+00  0.000E+00  0.148E-03
170638.303       63950      604175  0.210E-02  0.000E+00  0.000E+00  0.896E+01  0.000E+00  0.380E+00  0.000E+00  0.148E-03
171638.344       64126      606085  0.210E-02  0.000E+00  0.000E+00  0.881E+01  0.000E+00  0.375E+00  0.000E+00  0.148E-03
172638.295       64319      607991  0.210E-02  0.000E+00  0.000E+00  0.882E+01  0.000E+00  0.396E+00  0.000E+00  0.148E-03
173638.530       64479      609902  0.210E-02  0.000E+00  0.000E+00  0.881E+01  0.000E+00  0.392E+00  0.000E+00  0.148E-03
174638.527       64647      611802  0.210E-02  0.000E+00  0.000E+00  0.881E+01  0.000E+00  0.392E+00  0.000E+00  0.148E-03
175638.500       64840      613702  0.210E-02  0.000E+00  0.000E+00  0.896E+01  0.000E+00  0.392E+00  0.000E+00  0.148E-03
180638.369       65021      615608  0.210E-02  0.000E+00  0.000E+00  0.895E+01  0.000E+00  0.374E+00  0.000E+00  0.148E-03
181638.315       65195      617503  0.210E-02  0.000E+00  0.000E+00  0.903E+01  0.000E+00  0.354E+00  0.000E+00  0.148E-03
182638.359       65355      619405  0.210E-02  0.000E+00  0.000E+00  0.901E+01  0.000E+00  0.340E+00  0.000E+00  0.148E-03
183638.498       65541      621304  0.210E-02  0.000E+00  0.000E+00  0.896E+01  0.000E+00  0.414E+00  0.000E+00  0.148E-03
184638.385       65717      623204  0.210E-02  0.000E+00  0.000E+00  0.885E+01  0.000E+00  0.374E+00  0.000E+00  0.148E-03
185638.352       65898      625102  0.210E-02  0.000E+00  0.000E+00  0.896E+01  0.000E+00  0.377E+00  0.000E+00  0.147E-03
190638.244       66090      627006  0.210E-02  0.000E+00  0.000E+00  0.889E+01  0.000E+00  0.376E+00  0.000E+00  0.147E-03
191638.479       66273      628925  0.210E-02  0.000E+00  0.000E+00  0.891E+01  0.000E+00  0.377E+00  0.000E+00  0.147E-03
192638.430       66439      630845  0.210E-02  0.000E+00  0.000E+00  0.889E+01  0.000E+00  0.376E+00  0.000E+00  0.147E-03
193638.521       66631      632747  0.210E-02  0.000E+00  0.000E+00  0.867E+01  0.000E+00  0.371E+00  0.000E+00  0.147E-03
194638.396       66823      634655  0.210E-02  0.000E+00  0.000E+00  0.866E+01  0.000E+00  0.371E+00  0.000E+00  0.147E-03
195638.423       66991      636564  0.210E-02  0.000E+00  0.000E+00  0.885E+01  0.000E+00  0.371E+00  0.000E+00  0.147E-03
200638.281       67186      638481  0.210E-02  0.000E+00  0.000E+00  0.892E+01  0.000E+00  0.371E+00  0.000E+00  0.147E-03
201638.501       67374      640393  0.210E-02  0.000E+00  0.000E+00  0.886E+01  0.000E+00  0.382E+00  0.000E+00  0.147E-03
202638.438       67548      642265  0.210E-02  0.000E+00  0.000E+00  0.876E+01  0.000E+00  0.369E+00  0.000E+00  0.147E-03
203638.308       67728      644173  0.210E-02  0.000E+00  0.000E+00  0.895E+01  0.000E+00  0.377E+00  0.000E+00  0.147E-03
204638.492       67925      646085  0.210E-02  0.000E+00  0.000E+00  0.917E+01  0.000E+00  0.377E+00  0.000E+00  0.147E-03
205638.386       68100      647998  0.210E-02  0.000E+00  0.000E+00  0.894E+01  0.000E+00  0.378E+00  0.000E+00  0.147E-03
210638.398       68257      649908  0.210E-02  0.000E+00  0.000E+00  0.876E+01  0.000E+00  0.379E+00  0.000E+00  0.147E-03
211638.344       68446      651812  0.210E-02  0.000E+00  0.000E+00  0.878E+01  0.000E+00  0.368E+00  0.000E+00  0.146E-03
212638.448       68632      653717  0.210E-02  0.000E+00  0.000E+00  0.876E+01  0.000E+00  0.379E+00  0.000E+00  0.146E-03
213638.506       68800      655619  0.210E-02  0.000E+00  0.000E+00  0.875E+01  0.000E+00  0.377E+00  0.000E+00  0.146E-03
214638.315       68972      657526  0.210E-02  0.000E+00  0.000E+00  0.865E+01  0.000E+00  0.367E+00  0.000E+00  0.146E-03
215638.269       69159      659440  0.209E-02  0.000E+00  0.000E+00  0.865E+01  0.000E+00  0.367E+00  0.000E+00  0.146E-03
220638.511       69351      661356  0.209E-02  0.000E+00  0.000E+00  0.875E+01  0.000E+00  0.367E+00  0.000E+00  0.146E-03
221638.478       69520      663271  0.209E-02  0.000E+00  0.000E+00  0.929E+01  0.000E+00  0.374E+00  0.000E+00  0.146E-03
222638.468       69687      665183  0.209E-02  0.000E+00  0.000E+00  0.892E+01  0.000E+00  0.374E+00  0.000E+00  0.146E-03
223638.312       69857      667096  0.209E-02  0.000E+00  0.000E+00  0.903E+01  0.000E+00  0.374E+00  0.000E+00  0.146E-03
224638.399       70046      669009  0.209E-02  0.000E+00  0.000E+00  0.946E+01  0.000E+00  0.384E+00  0.000E+00  0.146E-03
225638.331       70232      670928  0.209E-02  0.000E+00  0.000E+00  0.904E+01  0.000E+00  0.384E+00  0.000E+00  0.146E-03
230638.288       70395      672831  0.209E-02  0.000E+00  0.000E+00  0.880E+01  0.000E+00  0.384E+00  0.000E+00  0.146E-03
231638.364       70550      674746  0.209E-02  0.000E+00  0.000E+00  0.901E+01  0.000E+00  0.387E+00  0.000E+00  0.146E-03
232638.449       70727      676649  0.209E-02  0.000E+00  0.000E+00  0.887E+01  0.000E+00  0.373E+00  0.000E+00  0.146E-03
233638.248       70903      678546  0.209E-02  0.000E+00  0.000E+00  0.861E+01  0.000E+00  0.373E+00  0.000E+00  0.146E-03
234638.375       71109      680471  0.209E-02  0.000E+00  0.000E+00  0.862E+01  0.000E+00  0.373E+00  0.000E+00  0.145E-03
235638.472       71256      682406  0.209E-02  0.000E+00  0.000E+00  0.861E+01  0.000E+00  0.373E+00  0.000E+00  0.145E-03
000638.394       71445      684311  0.209E-02  0.000E+00  0.000E+00  0.900E+01  0.000E+00  0.373E+00  0.000E+00  0.145E-03
001638.563       71607      686194  0.209E-02  0.000E+00  0.000E+00  0.865E+01  0.000E+00  0.372E+00  0.000E+00  0.145E-03
002638.370       71786      688103  0.209E-02  0.000E+00  0.000E+00  0.882E+01  0.000E+00  0.396E+00  0.000E+00  0.145E-03
003638.393       71980      690011  0.209E-02  0.000E+00  0.000E+00  0.860E+01  0.000E+00  0.396E+00  0.000E+00  0.145E-03
004638.260       72139      691934  0.209E-02  0.000E+00  0.000E+00  0.860E+01  0.000E+00  0.398E+00  0.000E+00  0.145E-03
005638.353       72294      693855  0.209E-02  0.000E+00  0.000E+00  0.860E+01  0.000E+00  0.372E+00  0.000E+00  0.145E-03
010638.385       72476      695777  0.209E-02  0.000E+00  0.000E+00  0.866E+01  0.000E+00  0.372E+00  0.000E+00  0.145E-03
011638.303       72636      697695  0.209E-02  0.000E+00  0.000E+00  0.860E+01  0.000E+00  0.372E+00  0.000E+00  0.145E-03
012638.505       72807      699609  0.209E-02  0.000E+00  0.000E+00  0.866E+01  0.000E+00  0.365E+00  0.000E+00  0.145E-03
013638.508       72993      701521  0.209E-02  0.000E+00  0.000E+00  0.875E+01  0.000E+00  0.365E+00  0.000E+00  0.145E-03
014638.309       73172      703436  0.209E-02  0.000E+00  0.000E+00  0.864E+01  0.000E+00  0.365E+00  0.000E+00  0.145E-03
015638.501       73332      705359  0.209E-02  0.000E+00  0.000E+00  0.866E+01  0.000E+00  0.365E+00  0.000E+00  0.145E-03
020638.309       73520      707272  0.209E-02  0.000E+00  0.000E+00  0.858E+01  0.000E+00  0.365E+00  0.000E+00  0.145E-03
021638.316       73683      709182  0.209E-02  0.000E+00  0.000E+00  0.857E+01  0.000E+00  0.365E+00  0.000E+00  0.144E-03
022638.381       73875      711106  0.209E-02  0.000E+00  0.000E+00  0.858E+01  0.000E+00  0.384E+00  0.000E+00  0.144E-03
023638.342       74034      713034  0.209E-02  0.000E+00  0.000E+00  0.860E+01  0.000E+00  0.384E+00  0.000E+00  0.144E-03
024638.524       74230      714948  0.209E-02  0.000E+00  0.000E+00  0.857E+01  0.000E+00  0.379E+00  0.000E+00  0.144E-03
025638.323       74406      716872  0.209E-02  0.000E+00  0.000E+00  0.858E+01  0.000E+00  0.373E+00  0.000E+00  0.144E-03
030638.375       74565      718800  0.209E-02  0.000E+00  0.000E+00  0.872E+01  0.000E+00  0.373E+00  0.000E+00  0.144E-03
031638.495       74741      720723  0.209E-02  0.000E+00  0.000E+00  0.871E+01  0.000E+00  0.388E+00  0.000E+00  0.144E-03
032638.450       74893      722646  0.209E-02  0.000E+00  0.000E+00  0.865E+01  0.000E+00  0.393E+00  0.000E+00  0.144E-03
033638.336       75089      724576  0.209E-02  0.000E+00  0.000E+00  0.865E+01  0.000E+00  0.376E+00  0.000E+00  0.144E-03
034638.459       75277      726504  0.209E-02  0.000E+00  0.000E+00  0.856E+01  0.000E+00  0.386E+00  0.000E+00  0.144E-03
035638.551       75459      728430  0.209E-02  0.000E+00  0.000E+00  0.862E+01  0.000E+00  0.375E+00  0.000E+00  0.144E-03
040638.341       75636      730355  0.209E-02  0.000E+00  0.000E+00  0.848E+01  0.000E+00  0.375E+00  0.000E+00  0.144E-03
041638.371       75808      732284  0.209E-02  0.000E+00  0.000E+00  0.850E+01  0.000E+00  0.375E+00  0.000E+00  0.144E-03
042638.280       75979      734198  0.209E-02  0.000E+00  0.000E+00  0.827E+01  0.000E+00  0.399E+00  0.000E+00  0.144E-03
043638.474       76163      736126  0.209E-02  0.000E+00  0.000E+00  0.841E+01  0.000E+00  0.385E+00  0.000E+00  0.144E-03
044638.549       76334      738061  0.209E-02  0.000E+00  0.000E+00  0.834E+01  0.000E+00  0.387E+00  0.000E+00  0.144E-03
045638.469       76520      739985  0.209E-02  0.000E+00  0.000E+00  0.858E+01  0.000E+00  0.387E+00  0.000E+00  0.143E-03
050638.350       76692      741900  0.209E-02  0.000E+00  0.000E+00  0.850E+01  0.000E+00  0.387E+00  0.000E+00  0.143E-03
051638.526       76884      743823  0.209E-02  0.000E+00  0.000E+00  0.850E+01  0.000E+00  0.386E+00  0.000E+00  0.143E-03
052638.345       77056      745750  0.209E-02  0.000E+00  0.000E+00  0.830E+01  0.000E+00  0.386E+00  0.000E+00  0.143E-03
053638.444       77237      747668  0.209E-02  0.000E+00  0.000E+00  0.831E+01  0.000E+00  0.379E+00  0.000E+00  0.143E-03
054638.323       77420      749590  0.209E-02  0.000E+00  0.000E+00  0.842E+01  0.000E+00  0.379E+00  0.000E+00  0.143E-03
055638.360       77601      751511  0.209E-02  0.000E+00  0.000E+00  0.844E+01  0.000E+00  0.374E+00  0.000E+00  0.143E-03
060638.318       77749      753434  0.209E-02  0.000E+00  0.000E+00  0.838E+01  0.000E+00  0.372E+00  0.000E+00  0.143E-03
061638.266       77929      755357  0.209E-02  0.000E+00  0.000E+00  0.861E+01  0.000E+00  0.352E+00  0.000E+00  0.143E-03
062638.459       78109      757282  0.209E-02  0.000E+00  0.000E+00  0.861E+01  0.000E+00  0.352E+00  0.000E+00  0.143E-03
063638.420       78285      759204  0.209E-02  0.000E+00  0.000E+00  0.888E+01  0.000E+00  0.352E+00  0.000E+00  0.143E-03
064638.473       78471      761127  0.209E-02  0.000E+00  0.000E+00  0.843E+01  0.000E+00  0.385E+00  0.000E+00  0.143E-03
065638.404       78659      763049  0.209E-02  0.000E+00  0.000E+00  0.845E+01  0.000E+00  0.388E+00  0.000E+00  0.143E-03
070638.258       78837      764973  0.209E-02  0.000E+00  0.000E+00  0.873E+01  0.000E+00  0.370E+00  0.000E+00  0.143E-03
071638.437       79032      766896  0.209E-02  0.000E+00  0.000E+00  0.854E+01  0.000E+00  0.364E+00  0.000E+00  0.143E-03
072638.344       79224      768810  0.209E-02  0.000E+00  0.000E+00  0.843E+01  0.000E+00  0.395E+00  0.000E+00  0.142E-03
073638.530       79386      770722  0.209E-02  0.000E+00  0.000E+00  0.843E+01  0.000E+00  0.392E+00  0.000E+00  0.142E-03
074638.453       79557      772621  0.209E-02  0.000E+00  0.000E+00  0.843E+01  0.000E+00  0.372E+00  0.000E+00  0.142E-03
075638.358       79740      774501  0.209E-02  0.000E+00  0.000E+00  0.882E+01  0.000E+00  0.372E+00  0.000E+00  0.142E-03
080638.565       79911      776372  0.209E-02  0.000E+00  0.000E+00  0.836E+01  0.000E+00  0.372E+00  0.000E+00  0.142E-03
081638.293       80071      778286  0.209E-02  0.000E+00  0.000E+00  0.836E+01  0.000E+00  0.374E+00  0.000E+00  0.142E-03
082638.553       80269      780211  0.209E-02  0.000E+00  0.000E+00  0.847E+01  0.000E+00  0.373E+00  0.000E+00  0.142E-03
083638.310       80433      782136  0.209E-02  0.000E+00  0.000E+00  0.847E+01  0.000E+00  0.460E+00  0.000E+00  0.142E-03
084638.438       80594      784061  0.209E-02  0.000E+00  0.000E+00  0.847E+01  0.000E+00  0.422E+00  0.000E+00  0.142E-03
085638.522       80771      785985  0.209E-02  0.000E+00  0.000E+00  0.807E+01  0.000E+00  0.372E+00  0.000E+00  0.142E-03
090638.316       80947      787901  0.209E-02  0.000E+00  0.000E+00  0.795E+01  0.000E+00  0.391E+00  0.000E+00  0.142E-03
091638.491       81106      789814  0.209E-02  0.000E+00  0.000E+00  0.796E+01  0.000E+00  0.376E+00  0.000E+00  0.142E-03
092638.287       81273      791737  0.209E-02  0.000E+00  0.000E+00  0.797E+01  0.000E+00  0.360E+00  0.000E+00  0.142E-03
093638.462       81450      793665  0.209E-02  0.000E+00  0.000E+00  0.796E+01  0.000E+00  0.360E+00  0.000E+00  0.142E-03
094638.443       81622      795587  0.209E-02  0.000E+00  0.000E+00  0.796E+01  0.000E+00  0.357E+00  0.000E+00  0.142E-03
095638.248       81792      797513  0.209E-02  0.000E+00  0.000E+00  0.799E+01  0.000E+00  0.357E+00  0.000E+00  0.141E-03
100638.414       81948      799433  0.209E-02  0.000E+00  0.000E+00  0.812E+01  0.000E+00  0.357E+00  0.000E+00  0.141E-03
101638.452       82133      801437  0.209E-02  0.000E+00  0.000E+00  0.820E+01  0.000E+00  0.357E+00  0.000E+00  0.141E-03
102638.457       82338      803434  0.208E-02  0.000E+00  0.000E+00  0.824E+01  0.000E+00  0.360E+00  0.000E+00  0.141E-03
103638.301       82520      805402  0.208E-02  0.000E+00  0.000E+00  0.823E+01  0.000E+00  0.369E+00  0.000E+00  0.141E-03
104638.494       82721      807453  0.208E-02  0.000E+00  0.000E+00  0.807E+01  0.000E+00  0.359E+00  0.000E+00  0.141E-03
105638.447       82912      809509  0.208E-02  0.000E+00  0.000E+00  0.807E+01  0.000E+00  0.358E+00  0.000E+00  0.141E-03
110638.343       83103      811557  0.208E-02  0.000E+00  0.000E+00  0.821E+01  0.000E+00  0.365E+00  0.000E+00  0.141E-03
111638.472       83290      813596  0.208E-02  0.000E+00  0.000E+00  0.816E+01  0.000E+00  0.346E+00  0.000E+00  0.141E-03
112638.434       83471      815638  0.208E-02  0.000E+00  0.000E+00  0.812E+01  0.000E+00  0.347E+00  0.000E+00  0.141E-03
113638.437       83644      817685  0.208E-02  0.000E+00  0.000E+00  0.853E+01  0.000E+00  0.347E+00  0.000E+00  0.141E-03
114638.399       83835      819735  0.208E-02  0.000E+00  0.000E+00  0.849E+01  0.000E+00  0.347E+00  0.000E+00  0.141E-03
115638.274       84026      821788  0.208E-02  0.000E+00  0.000E+00  0.824E+01  0.000E+00  0.345E+00  0.000E+00  0.141E-03
