Time       moves_acc moves_gen     F(Q)_1  Curvature  Curvature  Curvature  Curvature  Curvature  Curvature   X_ray_(R)1
h/m/s/.th    WEIGHT PARAMETERS   0.100E+01  0.100E+01  0.100E+01  0.100E+01  0.100E+01  0.100E+01  0.100E+01  0.100E+01
235819.947        1211        1242  0.233E-02  0.000E+00  0.000E+00  0.139E+02  0.000E+00  0.123E+01  0.000E+00  0.357E-03
000819.906        2135        2606  0.233E-02  0.000E+00  0.000E+00  0.127E+02  0.000E+00  0.880E+00  0.000E+00  0.362E-03
001819.565        2544        3896  0.233E-02  0.000E+00  0.000E+00  0.123E+02  0.000E+00  0.591E+00  0.000E+00  0.353E-03
002819.699        2943        5299  0.233E-02  0.000E+00  0.000E+00  0.123E+02  0.000E+00  0.542E+00  0.000E+00  0.345E-03
003819.738        3283        6607  0.233E-02  0.000E+00  0.000E+00  0.123E+02  0.000E+00  0.515E+00  0.000E+00  0.339E-03
004819.703        3651        7930  0.232E-02  0.000E+00  0.000E+00  0.123E+02  0.000E+00  0.515E+00  0.000E+00  0.335E-03
005819.568        4026        9250  0.232E-02  0.000E+00  0.000E+00  0.123E+02  0.000E+00  0.513E+00  0.000E+00  0.330E-03
010819.791        4372       10599  0.232E-02  0.000E+00  0.000E+00  0.121E+02  0.000E+00  0.509E+00  0.000E+00  0.326E-03
011819.861        4709       11907  0.232E-02  0.000E+00  0.000E+00  0.125E+02  0.000E+00  0.509E+00  0.000E+00  0.323E-03
012819.652        5031       13236  0.232E-02  0.000E+00  0.000E+00  0.121E+02  0.000E+00  0.480E+00  0.000E+00  0.320E-03
013819.863        5334       14531  0.232E-02  0.000E+00  0.000E+00  0.124E+02  0.000E+00  0.476E+00  0.000E+00  0.317E-03
014820.011        5638       15863  0.232E-02  0.000E+00  0.000E+00  0.121E+02  0.000E+00  0.502E+00  0.000E+00  0.315E-03
015820.052        5927       17170  0.232E-02  0.000E+00  0.000E+00  0.122E+02  0.000E+00  0.477E+00  0.000E+00  0.313E-03
020819.503        6211       18439  0.232E-02  0.000E+00  0.000E+00  0.123E+02  0.000E+00  0.478E+00  0.000E+00  0.311E-03
021819.736        6496       19765  0.232E-02  0.000E+00  0.000E+00  0.123E+02  0.000E+00  0.477E+00  0.000E+00  0.310E-03
022819.750        6772       21072  0.232E-02  0.000E+00  0.000E+00  0.120E+02  0.000E+00  0.465E+00  0.000E+00  0.308E-03
023819.751        7020       22331  0.232E-02  0.000E+00  0.000E+00  0.121E+02  0.000E+00  0.465E+00  0.000E+00  0.307E-03
024819.697        7282       23626  0.232E-02  0.000E+00  0.000E+00  0.120E+02  0.000E+00  0.465E+00  0.000E+00  0.305E-03
025819.827        7570       24961  0.231E-02  0.000E+00  0.000E+00  0.120E+02  0.000E+00  0.468E+00  0.000E+00  0.304E-03
030819.832        7840       26282  0.231E-02  0.000E+00  0.000E+00  0.120E+02  0.000E+00  0.465E+00  0.000E+00  0.302E-03
031819.795        8088       27558  0.231E-02  0.000E+00  0.000E+00  0.120E+02  0.000E+00  0.477E+00  0.000E+00  0.301E-03
032819.779        8345       28871  0.231E-02  0.000E+00  0.000E+00  0.119E+02  0.000E+00  0.499E+00  0.000E+00  0.300E-03
033819.735        8631       30171  0.231E-02  0.000E+00  0.000E+00  0.126E+02  0.000E+00  0.464E+00  0.000E+00  0.299E-03
034819.961        8859       31484  0.231E-02  0.000E+00  0.000E+00  0.120E+02  0.000E+00  0.455E+00  0.000E+00  0.298E-03
035819.839        9115       32747  0.231E-02  0.000E+00  0.000E+00  0.119E+02  0.000E+00  0.469E+00  0.000E+00  0.297E-03
040819.563        9355       34060  0.231E-02  0.000E+00  0.000E+00  0.119E+02  0.000E+00  0.450E+00  0.000E+00  0.296E-03
041819.634        9594       35363  0.231E-02  0.000E+00  0.000E+00  0.119E+02  0.000E+00  0.488E+00  0.000E+00  0.295E-03
042819.692        9858       36714  0.231E-02  0.000E+00  0.000E+00  0.119E+02  0.000E+00  0.490E+00  0.000E+00  0.295E-03
043819.571       10098       38084  0.231E-02  0.000E+00  0.000E+00  0.123E+02  0.000E+00  0.483E+00  0.000E+00  0.294E-03
044819.550       10340       39392  0.231E-02  0.000E+00  0.000E+00  0.119E+02  0.000E+00  0.476E+00  0.000E+00  0.293E-03
045819.559       10585       40704  0.231E-02  0.000E+00  0.000E+00  0.123E+02  0.000E+00  0.523E+00  0.000E+00  0.292E-03
050819.794       10839       41924  0.231E-02  0.000E+00  0.000E+00  0.118E+02  0.000E+00  0.541E+00  0.000E+00  0.291E-03
051819.661       11071       43237  0.231E-02  0.000E+00  0.000E+00  0.119E+02  0.000E+00  0.501E+00  0.000E+00  0.291E-03
052819.708       11297       44550  0.231E-02  0.000E+00  0.000E+00  0.118E+02  0.000E+00  0.489E+00  0.000E+00  0.290E-03
053819.921       11524       45873  0.231E-02  0.000E+00  0.000E+00  0.116E+02  0.000E+00  0.505E+00  0.000E+00  0.289E-03
054819.506       11759       47308  0.231E-02  0.000E+00  0.000E+00  0.117E+02  0.000E+00  0.504E+00  0.000E+00  0.289E-03
055819.601       11987       48652  0.231E-02  0.000E+00  0.000E+00  0.115E+02  0.000E+00  0.502E+00  0.000E+00  0.288E-03
060820.098       12189       49917  0.231E-02  0.000E+00  0.000E+00  0.114E+02  0.000E+00  0.492E+00  0.000E+00  0.287E-03
061820.046       12411       51174  0.230E-02  0.000E+00  0.000E+00  0.114E+02  0.000E+00  0.494E+00  0.000E+00  0.287E-03
062819.799       12614       52475  0.230E-02  0.000E+00  0.000E+00  0.121E+02  0.000E+00  0.487E+00  0.000E+00  0.286E-03
063819.551       12855       53807  0.230E-02  0.000E+00  0.000E+00  0.113E+02  0.000E+00  0.454E+00  0.000E+00  0.286E-03
064819.932       13069       55109  0.230E-02  0.000E+00  0.000E+00  0.116E+02  0.000E+00  0.454E+00  0.000E+00  0.285E-03
065819.765       13320       56421  0.230E-02  0.000E+00  0.000E+00  0.116E+02  0.000E+00  0.442E+00  0.000E+00  0.284E-03
070819.603       13551       57672  0.230E-02  0.000E+00  0.000E+00  0.114E+02  0.000E+00  0.442E+00  0.000E+00  0.284E-03
071819.606       13751       58958  0.230E-02  0.000E+00  0.000E+00  0.115E+02  0.000E+00  0.442E+00  0.000E+00  0.283E-03
072819.630       13992       60304  0.230E-02  0.000E+00  0.000E+00  0.112E+02  0.000E+00  0.440E+00  0.000E+00  0.283E-03
073819.528       14200       61633  0.230E-02  0.000E+00  0.000E+00  0.111E+02  0.000E+00  0.420E+00  0.000E+00  0.282E-03
074819.564       14432       63003  0.230E-02  0.000E+00  0.000E+00  0.115E+02  0.000E+00  0.419E+00  0.000E+00  0.281E-03
075819.637       14646       64319  0.230E-02  0.000E+00  0.000E+00  0.112E+02  0.000E+00  0.428E+00  0.000E+00  0.281E-03
080819.872       14851       65598  0.230E-02  0.000E+00  0.000E+00  0.112E+02  0.000E+00  0.420E+00  0.000E+00  0.281E-03
081819.527       15088       66922  0.230E-02  0.000E+00  0.000E+00  0.112E+02  0.000E+00  0.419E+00  0.000E+00  0.280E-03
082819.775       15303       68223  0.230E-02  0.000E+00  0.000E+00  0.111E+02  0.000E+00  0.459E+00  0.000E+00  0.279E-03
083819.830       15524       69578  0.230E-02  0.000E+00  0.000E+00  0.111E+02  0.000E+00  0.445E+00  0.000E+00  0.279E-03
084819.913       15733       70918  0.230E-02  0.000E+00  0.000E+00  0.112E+02  0.000E+00  0.467E+00  0.000E+00  0.278E-03
085819.586       15937       72290  0.230E-02  0.000E+00  0.000E+00  0.112E+02  0.000E+00  0.462E+00  0.000E+00  0.278E-03
090819.652       16166       73617  0.230E-02  0.000E+00  0.000E+00  0.116E+02  0.000E+00  0.459E+00  0.000E+00  0.277E-03
091819.664       16383       74888  0.230E-02  0.000E+00  0.000E+00  0.112E+02  0.000E+00  0.452E+00  0.000E+00  0.277E-03
092819.660       16589       76275  0.230E-02  0.000E+00  0.000E+00  0.112E+02  0.000E+00  0.474E+00  0.000E+00  0.276E-03
093819.955       16766       77575  0.230E-02  0.000E+00  0.000E+00  0.111E+02  0.000E+00  0.450E+00  0.000E+00  0.276E-03
094819.872       16990       78897  0.230E-02  0.000E+00  0.000E+00  0.112E+02  0.000E+00  0.450E+00  0.000E+00  0.275E-03
095819.626       17206       80219  0.229E-02  0.000E+00  0.000E+00  0.112E+02  0.000E+00  0.455E+00  0.000E+00  0.275E-03
100819.755       17419       81499  0.229E-02  0.000E+00  0.000E+00  0.111E+02  0.000E+00  0.418E+00  0.000E+00  0.274E-03
101819.761       17614       82849  0.229E-02  0.000E+00  0.000E+00  0.111E+02  0.000E+00  0.439E+00  0.000E+00  0.274E-03
102819.534       17825       84172  0.229E-02  0.000E+00  0.000E+00  0.111E+02  0.000E+00  0.450E+00  0.000E+00  0.273E-03
103819.674       18035       85447  0.229E-02  0.000E+00  0.000E+00  0.112E+02  0.000E+00  0.480E+00  0.000E+00  0.273E-03
104819.540       18248       86850  0.229E-02  0.000E+00  0.000E+00  0.111E+02  0.000E+00  0.454E+00  0.000E+00  0.272E-03
105819.957       18444       88159  0.229E-02  0.000E+00  0.000E+00  0.116E+02  0.000E+00  0.454E+00  0.000E+00  0.272E-03
110819.769       18680       89473  0.229E-02  0.000E+00  0.000E+00  0.118E+02  0.000E+00  0.449E+00  0.000E+00  0.272E-03
111819.876       18880       90779  0.229E-02  0.000E+00  0.000E+00  0.116E+02  0.000E+00  0.460E+00  0.000E+00  0.271E-03
112820.008       19081       92024  0.229E-02  0.000E+00  0.000E+00  0.115E+02  0.000E+00  0.458E+00  0.000E+00  0.270E-03
113820.044       19306       93361  0.229E-02  0.000E+00  0.000E+00  0.115E+02  0.000E+00  0.458E+00  0.000E+00  0.270E-03
114819.885       19493       94609  0.229E-02  0.000E+00  0.000E+00  0.110E+02  0.000E+00  0.455E+00  0.000E+00  0.270E-03
115819.799       19676       95870  0.229E-02  0.000E+00  0.000E+00  0.110E+02  0.000E+00  0.428E+00  0.000E+00  0.269E-03
120819.631       19863       97151  0.229E-02  0.000E+00  0.000E+00  0.111E+02  0.000E+00  0.409E+00  0.000E+00  0.269E-03
121819.868       20079       98424  0.229E-02  0.000E+00  0.000E+00  0.112E+02  0.000E+00  0.424E+00  0.000E+00  0.269E-03
122819.826       20277       99794  0.229E-02  0.000E+00  0.000E+00  0.113E+02  0.000E+00  0.423E+00  0.000E+00  0.269E-03
123819.841       20487      101082  0.229E-02  0.000E+00  0.000E+00  0.113E+02  0.000E+00  0.421E+00  0.000E+00  0.268E-03
124819.546       20689      102409  0.229E-02  0.000E+00  0.000E+00  0.116E+02  0.000E+00  0.417E+00  0.000E+00  0.268E-03
125819.756       20887      103700  0.229E-02  0.000E+00  0.000E+00  0.112E+02  0.000E+00  0.427E+00  0.000E+00  0.267E-03
130819.565       21047      104905  0.229E-02  0.000E+00  0.000E+00  0.111E+02  0.000E+00  0.427E+00  0.000E+00  0.267E-03
131819.648       21255      106240  0.229E-02  0.000E+00  0.000E+00  0.109E+02  0.000E+00  0.442E+00  0.000E+00  0.267E-03
132819.606       21457      107563  0.229E-02  0.000E+00  0.000E+00  0.109E+02  0.000E+00  0.435E+00  0.000E+00  0.266E-03
133819.717       21661      108947  0.228E-02  0.000E+00  0.000E+00  0.109E+02  0.000E+00  0.415E+00  0.000E+00  0.266E-03
134819.865       21847      110271  0.228E-02  0.000E+00  0.000E+00  0.109E+02  0.000E+00  0.419E+00  0.000E+00  0.266E-03
135819.844       22043      111577  0.228E-02  0.000E+00  0.000E+00  0.108E+02  0.000E+00  0.419E+00  0.000E+00  0.265E-03
140819.606       22265      112889  0.228E-02  0.000E+00  0.000E+00  0.108E+02  0.000E+00  0.438E+00  0.000E+00  0.265E-03
141819.594       22464      114195  0.228E-02  0.000E+00  0.000E+00  0.108E+02  0.000E+00  0.440E+00  0.000E+00  0.264E-03
142819.519       22639      115492  0.228E-02  0.000E+00  0.000E+00  0.109E+02  0.000E+00  0.439E+00  0.000E+00  0.264E-03
143819.740       22818      116791  0.228E-02  0.000E+00  0.000E+00  0.110E+02  0.000E+00  0.459E+00  0.000E+00  0.264E-03
144820.141       23023      118131  0.228E-02  0.000E+00  0.000E+00  0.109E+02  0.000E+00  0.434E+00  0.000E+00  0.263E-03
145819.899       23253      119518  0.228E-02  0.000E+00  0.000E+00  0.109E+02  0.000E+00  0.429E+00  0.000E+00  0.263E-03
150819.690       23443      120761  0.228E-02  0.000E+00  0.000E+00  0.109E+02  0.000E+00  0.446E+00  0.000E+00  0.262E-03
151819.933       23636      122099  0.228E-02  0.000E+00  0.000E+00  0.109E+02  0.000E+00  0.434E+00  0.000E+00  0.262E-03
152819.941       23821      123385  0.228E-02  0.000E+00  0.000E+00  0.108E+02  0.000E+00  0.435E+00  0.000E+00  0.262E-03
153819.923       24003      124734  0.228E-02  0.000E+00  0.000E+00  0.108E+02  0.000E+00  0.431E+00  0.000E+00  0.262E-03
154819.912       24193      126057  0.228E-02  0.000E+00  0.000E+00  0.112E+02  0.000E+00  0.431E+00  0.000E+00  0.261E-03
155819.969       24396      127434  0.228E-02  0.000E+00  0.000E+00  0.108E+02  0.000E+00  0.433E+00  0.000E+00  0.261E-03
160819.634       24586      128725  0.228E-02  0.000E+00  0.000E+00  0.111E+02  0.000E+00  0.433E+00  0.000E+00  0.261E-03
161819.737       24787      130037  0.228E-02  0.000E+00  0.000E+00  0.112E+02  0.000E+00  0.433E+00  0.000E+00  0.260E-03
162819.752       24989      131387  0.228E-02  0.000E+00  0.000E+00  0.108E+02  0.000E+00  0.452E+00  0.000E+00  0.260E-03
163819.821       25195      132710  0.228E-02  0.000E+00  0.000E+00  0.110E+02  0.000E+00  0.452E+00  0.000E+00  0.260E-03
164819.856       25366      133971  0.228E-02  0.000E+00  0.000E+00  0.108E+02  0.000E+00  0.451E+00  0.000E+00  0.259E-03
165819.803       25542      135270  0.228E-02  0.000E+00  0.000E+00  0.107E+02  0.000E+00  0.451E+00  0.000E+00  0.259E-03
170819.597       25731      136546  0.228E-02  0.000E+00  0.000E+00  0.109E+02  0.000E+00  0.451E+00  0.000E+00  0.259E-03
171819.698       25935      137852  0.228E-02  0.000E+00  0.000E+00  0.108E+02  0.000E+00  0.459E+00  0.000E+00  0.258E-03
172819.772       26120      139125  0.228E-02  0.000E+00  0.000E+00  0.107E+02  0.000E+00  0.448E+00  0.000E+00  0.258E-03
173819.731       26313      140476  0.227E-02  0.000E+00  0.000E+00  0.108E+02  0.000E+00  0.415E+00  0.000E+00  0.258E-03
174819.718       26493      141742  0.227E-02  0.000E+00  0.000E+00  0.108E+02  0.000E+00  0.426E+00  0.000E+00  0.257E-03
175819.674       26681      143047  0.227E-02  0.000E+00  0.000E+00  0.107E+02  0.000E+00  0.426E+00  0.000E+00  0.257E-03
180819.785       26869      144338  0.227E-02  0.000E+00  0.000E+00  0.107E+02  0.000E+00  0.431E+00  0.000E+00  0.257E-03
181819.835       27028      145611  0.227E-02  0.000E+00  0.000E+00  0.106E+02  0.000E+00  0.432E+00  0.000E+00  0.257E-03
182819.690       27222      146888  0.227E-02  0.000E+00  0.000E+00  0.107E+02  0.000E+00  0.432E+00  0.000E+00  0.257E-03
183819.550       27400      148227  0.227E-02  0.000E+00  0.000E+00  0.108E+02  0.000E+00  0.431E+00  0.000E+00  0.256E-03
184819.668       27611      149533  0.227E-02  0.000E+00  0.000E+00  0.106E+02  0.000E+00  0.416E+00  0.000E+00  0.256E-03
185819.760       27783      150838  0.227E-02  0.000E+00  0.000E+00  0.106E+02  0.000E+00  0.406E+00  0.000E+00  0.256E-03
190819.585       27988      152202  0.227E-02  0.000E+00  0.000E+00  0.108E+02  0.000E+00  0.404E+00  0.000E+00  0.255E-03
191819.663       28168      153468  0.227E-02  0.000E+00  0.000E+00  0.109E+02  0.000E+00  0.410E+00  0.000E+00  0.255E-03
192819.721       28358      154823  0.227E-02  0.000E+00  0.000E+00  0.108E+02  0.000E+00  0.410E+00  0.000E+00  0.255E-03
193819.840       28563      156261  0.227E-02  0.000E+00  0.000E+00  0.108E+02  0.000E+00  0.412E+00  0.000E+00  0.254E-03
194819.754       28744      157582  0.227E-02  0.000E+00  0.000E+00  0.107E+02  0.000E+00  0.412E+00  0.000E+00  0.254E-03
195819.714       28940      158947  0.227E-02  0.000E+00  0.000E+00  0.108E+02  0.000E+00  0.420E+00  0.000E+00  0.254E-03
200819.499       29154      160279  0.227E-02  0.000E+00  0.000E+00  0.107E+02  0.000E+00  0.412E+00  0.000E+00  0.253E-03
201819.556       29340      161577  0.227E-02  0.000E+00  0.000E+00  0.109E+02  0.000E+00  0.418E+00  0.000E+00  0.253E-03
202819.887       29501      162951  0.227E-02  0.000E+00  0.000E+00  0.111E+02  0.000E+00  0.418E+00  0.000E+00  0.253E-03
203819.807       29695      164297  0.227E-02  0.000E+00  0.000E+00  0.111E+02  0.000E+00  0.426E+00  0.000E+00  0.252E-03
204819.761       29870      165556  0.227E-02  0.000E+00  0.000E+00  0.114E+02  0.000E+00  0.416E+00  0.000E+00  0.252E-03
205819.883       30061      166864  0.227E-02  0.000E+00  0.000E+00  0.113E+02  0.000E+00  0.415E+00  0.000E+00  0.252E-03
210819.634       30253      168200  0.227E-02  0.000E+00  0.000E+00  0.111E+02  0.000E+00  0.408E+00  0.000E+00  0.251E-03
211819.836       30444      169477  0.227E-02  0.000E+00  0.000E+00  0.111E+02  0.000E+00  0.418E+00  0.000E+00  0.251E-03
212819.781       30641      170805  0.227E-02  0.000E+00  0.000E+00  0.113E+02  0.000E+00  0.439E+00  0.000E+00  0.251E-03
213819.620       30822      172084  0.227E-02  0.000E+00  0.000E+00  0.110E+02  0.000E+00  0.430E+00  0.000E+00  0.251E-03
214819.826       31013      173415  0.227E-02  0.000E+00  0.000E+00  0.110E+02  0.000E+00  0.417E+00  0.000E+00  0.250E-03
215819.828       31182      174733  0.227E-02  0.000E+00  0.000E+00  0.110E+02  0.000E+00  0.411E+00  0.000E+00  0.250E-03
220819.745       31364      176094  0.226E-02  0.000E+00  0.000E+00  0.111E+02  0.000E+00  0.446E+00  0.000E+00  0.250E-03
221819.995       31540      177486  0.226E-02  0.000E+00  0.000E+00  0.111E+02  0.000E+00  0.435E+00  0.000E+00  0.250E-03
222819.614       31718      178802  0.226E-02  0.000E+00  0.000E+00  0.114E+02  0.000E+00  0.416E+00  0.000E+00  0.249E-03
223819.657       31901      180097  0.226E-02  0.000E+00  0.000E+00  0.113E+02  0.000E+00  0.426E+00  0.000E+00  0.249E-03
224819.628       32108      181468  0.226E-02  0.000E+00  0.000E+00  0.114E+02  0.000E+00  0.427E+00  0.000E+00  0.249E-03
225819.849       32284      182719  0.226E-02  0.000E+00  0.000E+00  0.119E+02  0.000E+00  0.425E+00  0.000E+00  0.248E-03
230819.587       32471      184062  0.226E-02  0.000E+00  0.000E+00  0.111E+02  0.000E+00  0.445E+00  0.000E+00  0.248E-03
231819.786       32670      185423  0.226E-02  0.000E+00  0.000E+00  0.110E+02  0.000E+00  0.447E+00  0.000E+00  0.248E-03
232819.735       32877      186717  0.226E-02  0.000E+00  0.000E+00  0.110E+02  0.000E+00  0.435E+00  0.000E+00  0.247E-03
233819.779       33067      188017  0.226E-02  0.000E+00  0.000E+00  0.110E+02  0.000E+00  0.434E+00  0.000E+00  0.247E-03
234819.532       33243      189316  0.226E-02  0.000E+00  0.000E+00  0.110E+02  0.000E+00  0.428E+00  0.000E+00  0.247E-03
235819.647       33397      190560  0.226E-02  0.000E+00  0.000E+00  0.111E+02  0.000E+00  0.465E+00  0.000E+00  0.247E-03
000819.607       33579      191887  0.226E-02  0.000E+00  0.000E+00  0.111E+02  0.000E+00  0.463E+00  0.000E+00  0.246E-03
001819.795       33761      193234  0.226E-02  0.000E+00  0.000E+00  0.110E+02  0.000E+00  0.466E+00  0.000E+00  0.246E-03
002819.853       33960      194553  0.226E-02  0.000E+00  0.000E+00  0.113E+02  0.000E+00  0.489E+00  0.000E+00  0.246E-03
003819.665       34171      195917  0.226E-02  0.000E+00  0.000E+00  0.114E+02  0.000E+00  0.495E+00  0.000E+00  0.245E-03
004819.525       34353      197243  0.226E-02  0.000E+00  0.000E+00  0.119E+02  0.000E+00  0.500E+00  0.000E+00  0.245E-03
005819.852       34508      198400  0.226E-02  0.000E+00  0.000E+00  0.114E+02  0.000E+00  0.484E+00  0.000E+00  0.245E-03
010819.740       34666      199669  0.226E-02  0.000E+00  0.000E+00  0.112E+02  0.000E+00  0.466E+00  0.000E+00  0.245E-03
011819.986       34835      200943  0.226E-02  0.000E+00  0.000E+00  0.112E+02  0.000E+00  0.466E+00  0.000E+00  0.245E-03
012819.680       35001      202243  0.226E-02  0.000E+00  0.000E+00  0.114E+02  0.000E+00  0.456E+00  0.000E+00  0.244E-03
013819.843       35167      203562  0.226E-02  0.000E+00  0.000E+00  0.112E+02  0.000E+00  0.456E+00  0.000E+00  0.244E-03
014819.751       35375      204879  0.226E-02  0.000E+00  0.000E+00  0.110E+02  0.000E+00  0.457E+00  0.000E+00  0.244E-03
015819.508       35538      206134  0.226E-02  0.000E+00  0.000E+00  0.110E+02  0.000E+00  0.475E+00  0.000E+00  0.244E-03
020819.668       35724      207380  0.226E-02  0.000E+00  0.000E+00  0.112E+02  0.000E+00  0.466E+00  0.000E+00  0.243E-03
021819.803       35917      208775  0.226E-02  0.000E+00  0.000E+00  0.109E+02  0.000E+00  0.470E+00  0.000E+00  0.243E-03
022819.945       36083      210028  0.226E-02  0.000E+00  0.000E+00  0.107E+02  0.000E+00  0.469E+00  0.000E+00  0.243E-03
023819.520       36274      211327  0.226E-02  0.000E+00  0.000E+00  0.107E+02  0.000E+00  0.454E+00  0.000E+00  0.243E-03
024819.757       36470      212680  0.225E-02  0.000E+00  0.000E+00  0.107E+02  0.000E+00  0.458E+00  0.000E+00  0.242E-03
025819.860       36613      213974  0.225E-02  0.000E+00  0.000E+00  0.107E+02  0.000E+00  0.458E+00  0.000E+00  0.242E-03
030819.697       36793      215328  0.225E-02  0.000E+00  0.000E+00  0.108E+02  0.000E+00  0.471E+00  0.000E+00  0.242E-03
031819.751       36974      216665  0.225E-02  0.000E+00  0.000E+00  0.108E+02  0.000E+00  0.496E+00  0.000E+00  0.242E-03
032819.815       37157      217984  0.225E-02  0.000E+00  0.000E+00  0.108E+02  0.000E+00  0.479E+00  0.000E+00  0.241E-03
033819.503       37359      219414  0.225E-02  0.000E+00  0.000E+00  0.108E+02  0.000E+00  0.444E+00  0.000E+00  0.241E-03
034819.867       37553      220681  0.225E-02  0.000E+00  0.000E+00  0.106E+02  0.000E+00  0.446E+00  0.000E+00  0.241E-03
035819.962       37732      221980  0.225E-02  0.000E+00  0.000E+00  0.105E+02  0.000E+00  0.480E+00  0.000E+00  0.241E-03
040819.505       37914      223269  0.225E-02  0.000E+00  0.000E+00  0.105E+02  0.000E+00  0.458E+00  0.000E+00  0.240E-03
041819.827       38092      224545  0.225E-02  0.000E+00  0.000E+00  0.107E+02  0.000E+00  0.472E+00  0.000E+00  0.240E-03
042819.595       38247      225826  0.225E-02  0.000E+00  0.000E+00  0.108E+02  0.000E+00  0.469E+00  0.000E+00  0.240E-03
043819.779       38412      227167  0.225E-02  0.000E+00  0.000E+00  0.105E+02  0.000E+00  0.469E+00  0.000E+00  0.240E-03
044819.764       38584      228511  0.225E-02  0.000E+00  0.000E+00  0.105E+02  0.000E+00  0.485E+00  0.000E+00  0.240E-03
045819.867       38765      229801  0.225E-02  0.000E+00  0.000E+00  0.112E+02  0.000E+00  0.485E+00  0.000E+00  0.239E-03
050819.747       38951      231133  0.225E-02  0.000E+00  0.000E+00  0.108E+02  0.000E+00  0.496E+00  0.000E+00  0.239E-03
051819.919       39137      232441  0.225E-02  0.000E+00  0.000E+00  0.108E+02  0.000E+00  0.478E+00  0.000E+00  0.239E-03
052819.591       39312      233754  0.225E-02  0.000E+00  0.000E+00  0.107E+02  0.000E+00  0.488E+00  0.000E+00  0.239E-03
053819.525       39491      235037  0.225E-02  0.000E+00  0.000E+00  0.112E+02  0.000E+00  0.455E+00  0.000E+00  0.238E-03
054819.903       39645      236320  0.225E-02  0.000E+00  0.000E+00  0.108E+02  0.000E+00  0.455E+00  0.000E+00  0.238E-03
055819.764       39827      237705  0.225E-02  0.000E+00  0.000E+00  0.109E+02  0.000E+00  0.455E+00  0.000E+00  0.238E-03
060819.869       40016      239017  0.225E-02  0.000E+00  0.000E+00  0.103E+02  0.000E+00  0.489E+00  0.000E+00  0.238E-03
061819.722       40187      240337  0.225E-02  0.000E+00  0.000E+00  0.101E+02  0.000E+00  0.472E+00  0.000E+00  0.237E-03
062819.738       40358      241679  0.225E-02  0.000E+00  0.000E+00  0.101E+02  0.000E+00  0.528E+00  0.000E+00  0.237E-03
063819.651       40556      242964  0.225E-02  0.000E+00  0.000E+00  0.102E+02  0.000E+00  0.518E+00  0.000E+00  0.237E-03
064819.621       40713      244295  0.225E-02  0.000E+00  0.000E+00  0.102E+02  0.000E+00  0.506E+00  0.000E+00  0.237E-03
065819.504       40881      245627  0.225E-02  0.000E+00  0.000E+00  0.101E+02  0.000E+00  0.506E+00  0.000E+00  0.236E-03
070819.789       41071      246939  0.225E-02  0.000E+00  0.000E+00  0.101E+02  0.000E+00  0.493E+00  0.000E+00  0.236E-03
071819.550       41241      248259  0.225E-02  0.000E+00  0.000E+00  0.101E+02  0.000E+00  0.491E+00  0.000E+00  0.236E-03
072819.716       41383      249556  0.225E-02  0.000E+00  0.000E+00  0.100E+02  0.000E+00  0.489E+00  0.000E+00  0.236E-03
073819.843       41550      250874  0.224E-02  0.000E+00  0.000E+00  0.969E+01  0.000E+00  0.487E+00  0.000E+00  0.236E-03
074819.545       41726      252197  0.224E-02  0.000E+00  0.000E+00  0.991E+01  0.000E+00  0.483E+00  0.000E+00  0.235E-03
075819.857       41894      253445  0.224E-02  0.000E+00  0.000E+00  0.965E+01  0.000E+00  0.471E+00  0.000E+00  0.235E-03
080819.875       42063      254764  0.224E-02  0.000E+00  0.000E+00  0.963E+01  0.000E+00  0.555E+00  0.000E+00  0.235E-03
081819.669       42231      256043  0.224E-02  0.000E+00  0.000E+00  0.977E+01  0.000E+00  0.459E+00  0.000E+00  0.235E-03
082819.967       42420      257377  0.224E-02  0.000E+00  0.000E+00  0.971E+01  0.000E+00  0.450E+00  0.000E+00  0.234E-03
083819.501       42604      258684  0.224E-02  0.000E+00  0.000E+00  0.101E+02  0.000E+00  0.453E+00  0.000E+00  0.234E-03
084819.524       42792      259994  0.224E-02  0.000E+00  0.000E+00  0.957E+01  0.000E+00  0.472E+00  0.000E+00  0.234E-03
085819.643       42952      261291  0.224E-02  0.000E+00  0.000E+00  0.957E+01  0.000E+00  0.461E+00  0.000E+00  0.234E-03
090819.637       43116      262574  0.224E-02  0.000E+00  0.000E+00  0.980E+01  0.000E+00  0.469E+00  0.000E+00  0.234E-03
091819.866       43296      263887  0.224E-02  0.000E+00  0.000E+00  0.974E+01  0.000E+00  0.441E+00  0.000E+00  0.234E-03
092819.637       43483      265251  0.224E-02  0.000E+00  0.000E+00  0.962E+01  0.000E+00  0.441E+00  0.000E+00  0.233E-03
093819.786       43656      266622  0.224E-02  0.000E+00  0.000E+00  0.963E+01  0.000E+00  0.491E+00  0.000E+00  0.233E-03
094819.593       43823      267940  0.224E-02  0.000E+00  0.000E+00  0.949E+01  0.000E+00  0.491E+00  0.000E+00  0.233E-03
095819.960       43999      269224  0.224E-02  0.000E+00  0.000E+00  0.964E+01  0.000E+00  0.494E+00  0.000E+00  0.232E-03
100819.949       44165      270570  0.224E-02  0.000E+00  0.000E+00  0.950E+01  0.000E+00  0.480E+00  0.000E+00  0.232E-03
101819.836       44338      271906  0.224E-02  0.000E+00  0.000E+00  0.954E+01  0.000E+00  0.485E+00  0.000E+00  0.232E-03
102819.853       44532      273288  0.224E-02  0.000E+00  0.000E+00  0.976E+01  0.000E+00  0.506E+00  0.000E+00  0.232E-03
103820.043       44707      274588  0.224E-02  0.000E+00  0.000E+00  0.956E+01  0.000E+00  0.506E+00  0.000E+00  0.231E-03
104819.680       44864      275897  0.224E-02  0.000E+00  0.000E+00  0.985E+01  0.000E+00  0.505E+00  0.000E+00  0.231E-03
105819.871       45047      277274  0.224E-02  0.000E+00  0.000E+00  0.101E+02  0.000E+00  0.494E+00  0.000E+00  0.231E-03
110819.671       45212      278586  0.224E-02  0.000E+00  0.000E+00  0.100E+02  0.000E+00  0.443E+00  0.000E+00  0.231E-03
111819.686       45386      279976  0.224E-02  0.000E+00  0.000E+00  0.970E+01  0.000E+00  0.442E+00  0.000E+00  0.231E-03
112819.540       45567      281364  0.224E-02  0.000E+00  0.000E+00  0.969E+01  0.000E+00  0.451E+00  0.000E+00  0.231E-03
113819.854       45720      282671  0.224E-02  0.000E+00  0.000E+00  0.974E+01  0.000E+00  0.451E+00  0.000E+00  0.230E-03
114819.502       45893      284044  0.224E-02  0.000E+00  0.000E+00  0.970E+01  0.000E+00  0.452E+00  0.000E+00  0.230E-03
115819.645       46060      285379  0.224E-02  0.000E+00  0.000E+00  0.972E+01  0.000E+00  0.456E+00  0.000E+00  0.230E-03
120819.880       46226      286679  0.224E-02  0.000E+00  0.000E+00  0.970E+01  0.000E+00  0.442E+00  0.000E+00  0.230E-03
121819.894       46410      288056  0.224E-02  0.000E+00  0.000E+00  0.998E+01  0.000E+00  0.446E+00  0.000E+00  0.230E-03
122819.829       46585      289397  0.224E-02  0.000E+00  0.000E+00  0.987E+01  0.000E+00  0.444E+00  0.000E+00  0.229E-03
123819.545       46743      290726  0.224E-02  0.000E+00  0.000E+00  0.996E+01  0.000E+00  0.486E+00  0.000E+00  0.229E-03
124819.792       46943      292028  0.224E-02  0.000E+00  0.000E+00  0.997E+01  0.000E+00  0.443E+00  0.000E+00  0.229E-03
125819.580       47118      293315  0.223E-02  0.000E+00  0.000E+00  0.978E+01  0.000E+00  0.428E+00  0.000E+00  0.229E-03
130819.898       47267      294626  0.223E-02  0.000E+00  0.000E+00  0.999E+01  0.000E+00  0.396E+00  0.000E+00  0.229E-03
131819.688       47440      295898  0.223E-02  0.000E+00  0.000E+00  0.989E+01  0.000E+00  0.399E+00  0.000E+00  0.228E-03
132819.821       47631      297260  0.223E-02  0.000E+00  0.000E+00  0.981E+01  0.000E+00  0.398E+00  0.000E+00  0.228E-03
133819.721       47816      298605  0.223E-02  0.000E+00  0.000E+00  0.991E+01  0.000E+00  0.381E+00  0.000E+00  0.228E-03
134819.506       47964      299918  0.223E-02  0.000E+00  0.000E+00  0.981E+01  0.000E+00  0.362E+00  0.000E+00  0.228E-03
135819.822       48121      301288  0.223E-02  0.000E+00  0.000E+00  0.100E+02  0.000E+00  0.362E+00  0.000E+00  0.227E-03
140819.779       48294      302653  0.223E-02  0.000E+00  0.000E+00  0.999E+01  0.000E+00  0.362E+00  0.000E+00  0.227E-03
141819.967       48441      303971  0.223E-02  0.000E+00  0.000E+00  0.101E+02  0.000E+00  0.363E+00  0.000E+00  0.227E-03
142819.674       48638      305311  0.223E-02  0.000E+00  0.000E+00  0.103E+02  0.000E+00  0.363E+00  0.000E+00  0.227E-03
143819.615       48810      306635  0.223E-02  0.000E+00  0.000E+00  0.103E+02  0.000E+00  0.363E+00  0.000E+00  0.226E-03
144819.944       48979      308009  0.223E-02  0.000E+00  0.000E+00  0.103E+02  0.000E+00  0.413E+00  0.000E+00  0.226E-03
145819.638       49136      309325  0.223E-02  0.000E+00  0.000E+00  0.999E+01  0.000E+00  0.387E+00  0.000E+00  0.226E-03
150819.551       49293      310663  0.223E-02  0.000E+00  0.000E+00  0.102E+02  0.000E+00  0.387E+00  0.000E+00  0.226E-03
151819.763       49454      311976  0.223E-02  0.000E+00  0.000E+00  0.102E+02  0.000E+00  0.387E+00  0.000E+00  0.226E-03
152819.845       49614      313283  0.223E-02  0.000E+00  0.000E+00  0.102E+02  0.000E+00  0.387E+00  0.000E+00  0.226E-03
153819.857       49771      314592  0.223E-02  0.000E+00  0.000E+00  0.102E+02  0.000E+00  0.399E+00  0.000E+00  0.225E-03
154819.630       49948      315902  0.223E-02  0.000E+00  0.000E+00  0.103E+02  0.000E+00  0.447E+00  0.000E+00  0.225E-03
155819.930       50119      317238  0.223E-02  0.000E+00  0.000E+00  0.988E+01  0.000E+00  0.417E+00  0.000E+00  0.225E-03
160819.601       50286      318508  0.223E-02  0.000E+00  0.000E+00  0.990E+01  0.000E+00  0.487E+00  0.000E+00  0.225E-03
161820.023       50427      319757  0.223E-02  0.000E+00  0.000E+00  0.100E+02  0.000E+00  0.464E+00  0.000E+00  0.224E-03
162819.565       50588      321064  0.223E-02  0.000E+00  0.000E+00  0.100E+02  0.000E+00  0.508E+00  0.000E+00  0.224E-03
163819.730       50778      322399  0.223E-02  0.000E+00  0.000E+00  0.100E+02  0.000E+00  0.492E+00  0.000E+00  0.224E-03
164819.630       50945      323732  0.223E-02  0.000E+00  0.000E+00  0.996E+01  0.000E+00  0.436E+00  0.000E+00  0.224E-03
165819.853       51097      324977  0.223E-02  0.000E+00  0.000E+00  0.100E+02  0.000E+00  0.436E+00  0.000E+00  0.224E-03
170819.586       51259      326248  0.223E-02  0.000E+00  0.000E+00  0.101E+02  0.000E+00  0.486E+00  0.000E+00  0.223E-03
171819.748       51429      327557  0.223E-02  0.000E+00  0.000E+00  0.102E+02  0.000E+00  0.465E+00  0.000E+00  0.223E-03
172819.663       51606      328847  0.223E-02  0.000E+00  0.000E+00  0.995E+01  0.000E+00  0.465E+00  0.000E+00  0.223E-03
173819.724       51762      330183  0.223E-02  0.000E+00  0.000E+00  0.992E+01  0.000E+00  0.461E+00  0.000E+00  0.223E-03
174819.689       51938      331485  0.223E-02  0.000E+00  0.000E+00  0.992E+01  0.000E+00  0.482E+00  0.000E+00  0.223E-03
175819.849       52100      332789  0.223E-02  0.000E+00  0.000E+00  0.992E+01  0.000E+00  0.484E+00  0.000E+00  0.222E-03
180819.977       52258      334014  0.223E-02  0.000E+00  0.000E+00  0.103E+02  0.000E+00  0.467E+00  0.000E+00  0.222E-03
181819.833       52444      335320  0.223E-02  0.000E+00  0.000E+00  0.102E+02  0.000E+00  0.494E+00  0.000E+00  0.222E-03
182819.926       52608      336647  0.223E-02  0.000E+00  0.000E+00  0.102E+02  0.000E+00  0.494E+00  0.000E+00  0.222E-03
183819.654       52779      337928  0.222E-02  0.000E+00  0.000E+00  0.104E+02  0.000E+00  0.471E+00  0.000E+00  0.222E-03
184819.735       52923      339208  0.222E-02  0.000E+00  0.000E+00  0.106E+02  0.000E+00  0.465E+00  0.000E+00  0.221E-03
185819.622       53097      340577  0.222E-02  0.000E+00  0.000E+00  0.103E+02  0.000E+00  0.465E+00  0.000E+00  0.221E-03
190819.736       53252      341962  0.222E-02  0.000E+00  0.000E+00  0.104E+02  0.000E+00  0.495E+00  0.000E+00  0.221E-03
191819.870       53410      343297  0.222E-02  0.000E+00  0.000E+00  0.102E+02  0.000E+00  0.481E+00  0.000E+00  0.221E-03
192819.650       53587      344697  0.222E-02  0.000E+00  0.000E+00  0.104E+02  0.000E+00  0.498E+00  0.000E+00  0.221E-03
193819.587       53768      346077  0.222E-02  0.000E+00  0.000E+00  0.103E+02  0.000E+00  0.498E+00  0.000E+00  0.220E-03
194819.611       53938      347400  0.222E-02  0.000E+00  0.000E+00  0.103E+02  0.000E+00  0.502E+00  0.000E+00  0.220E-03
195819.636       54100      348731  0.222E-02  0.000E+00  0.000E+00  0.103E+02  0.000E+00  0.518E+00  0.000E+00  0.220E-03
200819.768       54274      349994  0.222E-02  0.000E+00  0.000E+00  0.104E+02  0.000E+00  0.508E+00  0.000E+00  0.220E-03
201819.684       54427      351327  0.222E-02  0.000E+00  0.000E+00  0.104E+02  0.000E+00  0.514E+00  0.000E+00  0.219E-03
202819.716       54601      352687  0.222E-02  0.000E+00  0.000E+00  0.105E+02  0.000E+00  0.535E+00  0.000E+00  0.219E-03
203819.791       54775      354051  0.222E-02  0.000E+00  0.000E+00  0.105E+02  0.000E+00  0.506E+00  0.000E+00  0.219E-03
204819.566       54945      355395  0.222E-02  0.000E+00  0.000E+00  0.104E+02  0.000E+00  0.506E+00  0.000E+00  0.219E-03
205819.685       55096      356711  0.222E-02  0.000E+00  0.000E+00  0.104E+02  0.000E+00  0.507E+00  0.000E+00  0.219E-03
210819.932       55260      358091  0.222E-02  0.000E+00  0.000E+00  0.102E+02  0.000E+00  0.512E+00  0.000E+00  0.219E-03
211819.536       55414      359438  0.222E-02  0.000E+00  0.000E+00  0.102E+02  0.000E+00  0.492E+00  0.000E+00  0.218E-03
212819.558       55592      360740  0.222E-02  0.000E+00  0.000E+00  0.103E+02  0.000E+00  0.492E+00  0.000E+00  0.218E-03
213819.827       55761      362102  0.222E-02  0.000E+00  0.000E+00  0.101E+02  0.000E+00  0.517E+00  0.000E+00  0.218E-03
214819.653       55929      363452  0.222E-02  0.000E+00  0.000E+00  0.995E+01  0.000E+00  0.446E+00  0.000E+00  0.218E-03
215819.865       56080      364748  0.222E-02  0.000E+00  0.000E+00  0.101E+02  0.000E+00  0.456E+00  0.000E+00  0.218E-03
220819.696       56236      366061  0.222E-02  0.000E+00  0.000E+00  0.999E+01  0.000E+00  0.455E+00  0.000E+00  0.217E-03
221819.988       56385      367327  0.222E-02  0.000E+00  0.000E+00  0.992E+01  0.000E+00  0.457E+00  0.000E+00  0.217E-03
222819.867       56572      368661  0.222E-02  0.000E+00  0.000E+00  0.101E+02  0.000E+00  0.457E+00  0.000E+00  0.217E-03
223819.592       56738      369959  0.222E-02  0.000E+00  0.000E+00  0.995E+01  0.000E+00  0.475E+00  0.000E+00  0.217E-03
224819.945       56896      371298  0.222E-02  0.000E+00  0.000E+00  0.994E+01  0.000E+00  0.478E+00  0.000E+00  0.216E-03
225819.912       57042      372606  0.222E-02  0.000E+00  0.000E+00  0.995E+01  0.000E+00  0.483E+00  0.000E+00  0.216E-03
230819.862       57230      373987  0.222E-02  0.000E+00  0.000E+00  0.994E+01  0.000E+00  0.493E+00  0.000E+00  0.216E-03
231819.983       57409      375293  0.222E-02  0.000E+00  0.000E+00  0.997E+01  0.000E+00  0.490E+00  0.000E+00  0.216E-03
232819.823       57581      376633  0.222E-02  0.000E+00  0.000E+00  0.101E+02  0.000E+00  0.490E+00  0.000E+00  0.216E-03
233819.871       57737      377999  0.222E-02  0.000E+00  0.000E+00  0.100E+02  0.000E+00  0.585E+00  0.000E+00  0.215E-03
234819.703       57900      379337  0.222E-02  0.000E+00  0.000E+00  0.100E+02  0.000E+00  0.532E+00  0.000E+00  0.215E-03
235819.650       58071      380690  0.222E-02  0.000E+00  0.000E+00  0.100E+02  0.000E+00  0.516E+00  0.000E+00  0.215E-03
000819.914       58237      382031  0.222E-02  0.000E+00  0.000E+00  0.103E+02  0.000E+00  0.516E+00  0.000E+00  0.215E-03
001819.952       58378      383370  0.222E-02  0.000E+00  0.000E+00  0.998E+01  0.000E+00  0.516E+00  0.000E+00  0.215E-03
002819.676       58572      384751  0.222E-02  0.000E+00  0.000E+00  0.101E+02  0.000E+00  0.516E+00  0.000E+00  0.215E-03
003819.584       58741      386113  0.221E-02  0.000E+00  0.000E+00  0.997E+01  0.000E+00  0.516E+00  0.000E+00  0.214E-03
004819.768       58917      387462  0.221E-02  0.000E+00  0.000E+00  0.998E+01  0.000E+00  0.516E+00  0.000E+00  0.214E-03
005819.678       59091      388868  0.221E-02  0.000E+00  0.000E+00  0.991E+01  0.000E+00  0.538E+00  0.000E+00  0.214E-03
010819.543       59262      390193  0.221E-02  0.000E+00  0.000E+00  0.966E+01  0.000E+00  0.554E+00  0.000E+00  0.214E-03
011819.859       59413      391537  0.221E-02  0.000E+00  0.000E+00  0.964E+01  0.000E+00  0.553E+00  0.000E+00  0.214E-03
012819.722       59573      392819  0.221E-02  0.000E+00  0.000E+00  0.973E+01  0.000E+00  0.562E+00  0.000E+00  0.213E-03
013819.782       59730      394138  0.221E-02  0.000E+00  0.000E+00  0.101E+02  0.000E+00  0.552E+00  0.000E+00  0.213E-03
014819.571       59890      395411  0.221E-02  0.000E+00  0.000E+00  0.985E+01  0.000E+00  0.552E+00  0.000E+00  0.213E-03
015819.626       60031      396672  0.221E-02  0.000E+00  0.000E+00  0.985E+01  0.000E+00  0.559E+00  0.000E+00  0.213E-03
020819.888       60200      397986  0.221E-02  0.000E+00  0.000E+00  0.955E+01  0.000E+00  0.538E+00  0.000E+00  0.213E-03
021819.764       60364      399265  0.221E-02  0.000E+00  0.000E+00  0.980E+01  0.000E+00  0.543E+00  0.000E+00  0.213E-03
022819.730       60530      400535  0.221E-02  0.000E+00  0.000E+00  0.107E+02  0.000E+00  0.517E+00  0.000E+00  0.212E-03
023819.949       60687      401776  0.221E-02  0.000E+00  0.000E+00  0.102E+02  0.000E+00  0.606E+00  0.000E+00  0.212E-03
024819.710       60858      403022  0.221E-02  0.000E+00  0.000E+00  0.103E+02  0.000E+00  0.607E+00  0.000E+00  0.212E-03
025819.854       61019      404313  0.221E-02  0.000E+00  0.000E+00  0.104E+02  0.000E+00  0.628E+00  0.000E+00  0.212E-03
030819.589       61187      405626  0.221E-02  0.000E+00  0.000E+00  0.103E+02  0.000E+00  0.628E+00  0.000E+00  0.212E-03
031819.787       61343      407000  0.221E-02  0.000E+00  0.000E+00  0.103E+02  0.000E+00  0.629E+00  0.000E+00  0.212E-03
032819.777       61491      408315  0.221E-02  0.000E+00  0.000E+00  0.105E+02  0.000E+00  0.639E+00  0.000E+00  0.211E-03
033819.696       61657      409612  0.221E-02  0.000E+00  0.000E+00  0.103E+02  0.000E+00  0.626E+00  0.000E+00  0.211E-03
034820.046       61848      410991  0.221E-02  0.000E+00  0.000E+00  0.107E+02  0.000E+00  0.551E+00  0.000E+00  0.211E-03
035819.566       62017      412366  0.221E-02  0.000E+00  0.000E+00  0.103E+02  0.000E+00  0.544E+00  0.000E+00  0.211E-03
040819.561       62176      413725  0.221E-02  0.000E+00  0.000E+00  0.101E+02  0.000E+00  0.528E+00  0.000E+00  0.211E-03
041819.926       62345      415126  0.221E-02  0.000E+00  0.000E+00  0.101E+02  0.000E+00  0.507E+00  0.000E+00  0.211E-03
042819.776       62515      416450  0.221E-02  0.000E+00  0.000E+00  0.100E+02  0.000E+00  0.530E+00  0.000E+00  0.210E-03
043820.011       62676      417785  0.221E-02  0.000E+00  0.000E+00  0.101E+02  0.000E+00  0.500E+00  0.000E+00  0.210E-03
044819.760       62864      419129  0.221E-02  0.000E+00  0.000E+00  0.997E+01  0.000E+00  0.500E+00  0.000E+00  0.210E-03
045819.979       63042      420521  0.221E-02  0.000E+00  0.000E+00  0.979E+01  0.000E+00  0.499E+00  0.000E+00  0.210E-03
050819.890       63213      421890  0.221E-02  0.000E+00  0.000E+00  0.990E+01  0.000E+00  0.467E+00  0.000E+00  0.210E-03
051819.822       63349      423243  0.221E-02  0.000E+00  0.000E+00  0.991E+01  0.000E+00  0.446E+00  0.000E+00  0.210E-03
052819.551       63514      424547  0.221E-02  0.000E+00  0.000E+00  0.982E+01  0.000E+00  0.457E+00  0.000E+00  0.209E-03
053819.548       63680      425863  0.221E-02  0.000E+00  0.000E+00  0.982E+01  0.000E+00  0.453E+00  0.000E+00  0.209E-03
054819.654       63858      427159  0.221E-02  0.000E+00  0.000E+00  0.984E+01  0.000E+00  0.457E+00  0.000E+00  0.209E-03
055819.535       63992      428474  0.221E-02  0.000E+00  0.000E+00  0.984E+01  0.000E+00  0.470E+00  0.000E+00  0.209E-03
060819.693       64133      429799  0.221E-02  0.000E+00  0.000E+00  0.985E+01  0.000E+00  0.454E+00  0.000E+00  0.209E-03
061819.665       64283      431079  0.221E-02  0.000E+00  0.000E+00  0.987E+01  0.000E+00  0.467E+00  0.000E+00  0.209E-03
062819.818       64443      432395  0.221E-02  0.000E+00  0.000E+00  0.987E+01  0.000E+00  0.448E+00  0.000E+00  0.209E-03
063820.000       64613      433725  0.221E-02  0.000E+00  0.000E+00  0.985E+01  0.000E+00  0.482E+00  0.000E+00  0.208E-03
064819.765       64764      435112  0.220E-02  0.000E+00  0.000E+00  0.102E+02  0.000E+00  0.470E+00  0.000E+00  0.208E-03
065819.569       64922      436392  0.220E-02  0.000E+00  0.000E+00  0.984E+01  0.000E+00  0.457E+00  0.000E+00  0.208E-03
070819.644       65088      437688  0.220E-02  0.000E+00  0.000E+00  0.986E+01  0.000E+00  0.457E+00  0.000E+00  0.208E-03
071819.686       65255      439045  0.220E-02  0.000E+00  0.000E+00  0.979E+01  0.000E+00  0.504E+00  0.000E+00  0.208E-03
072819.749       65420      440370  0.220E-02  0.000E+00  0.000E+00  0.979E+01  0.000E+00  0.515E+00  0.000E+00  0.208E-03
073820.100       65561      441724  0.220E-02  0.000E+00  0.000E+00  0.969E+01  0.000E+00  0.482E+00  0.000E+00  0.207E-03
074819.849       65729      443092  0.220E-02  0.000E+00  0.000E+00  0.100E+02  0.000E+00  0.486E+00  0.000E+00  0.207E-03
075819.926       65884      444425  0.220E-02  0.000E+00  0.000E+00  0.982E+01  0.000E+00  0.541E+00  0.000E+00  0.207E-03
080819.816       66041      445760  0.220E-02  0.000E+00  0.000E+00  0.962E+01  0.000E+00  0.522E+00  0.000E+00  0.207E-03
081819.523       66188      447081  0.220E-02  0.000E+00  0.000E+00  0.961E+01  0.000E+00  0.492E+00  0.000E+00  0.207E-03
082819.824       66339      448422  0.220E-02  0.000E+00  0.000E+00  0.961E+01  0.000E+00  0.472E+00  0.000E+00  0.207E-03
083819.705       66494      449762  0.220E-02  0.000E+00  0.000E+00  0.101E+02  0.000E+00  0.478E+00  0.000E+00  0.207E-03
084819.634       66660      451113  0.220E-02  0.000E+00  0.000E+00  0.958E+01  0.000E+00  0.471E+00  0.000E+00  0.206E-03
085819.636       66825      452423  0.220E-02  0.000E+00  0.000E+00  0.987E+01  0.000E+00  0.491E+00  0.000E+00  0.206E-03
090819.616       66971      453708  0.220E-02  0.000E+00  0.000E+00  0.989E+01  0.000E+00  0.508E+00  0.000E+00  0.206E-03
091819.725       67131      454997  0.220E-02  0.000E+00  0.000E+00  0.996E+01  0.000E+00  0.508E+00  0.000E+00  0.206E-03
092819.594       67297      456367  0.220E-02  0.000E+00  0.000E+00  0.990E+01  0.000E+00  0.529E+00  0.000E+00  0.206E-03
093819.611       67445      457737  0.220E-02  0.000E+00  0.000E+00  0.986E+01  0.000E+00  0.485E+00  0.000E+00  0.206E-03
094820.031       67595      459067  0.220E-02  0.000E+00  0.000E+00  0.995E+01  0.000E+00  0.475E+00  0.000E+00  0.205E-03
095819.818       67737      460310  0.220E-02  0.000E+00  0.000E+00  0.994E+01  0.000E+00  0.466E+00  0.000E+00  0.205E-03
100819.571       67909      461728  0.220E-02  0.000E+00  0.000E+00  0.100E+02  0.000E+00  0.466E+00  0.000E+00  0.205E-03
101819.872       68057      463023  0.220E-02  0.000E+00  0.000E+00  0.970E+01  0.000E+00  0.459E+00  0.000E+00  0.205E-03
102819.642       68229      464378  0.220E-02  0.000E+00  0.000E+00  0.978E+01  0.000E+00  0.473E+00  0.000E+00  0.205E-03
103819.748       68375      465669  0.220E-02  0.000E+00  0.000E+00  0.967E+01  0.000E+00  0.455E+00  0.000E+00  0.205E-03
104819.779       68527      466991  0.220E-02  0.000E+00  0.000E+00  0.100E+02  0.000E+00  0.444E+00  0.000E+00  0.205E-03
105819.576       68672      468333  0.220E-02  0.000E+00  0.000E+00  0.967E+01  0.000E+00  0.444E+00  0.000E+00  0.204E-03
110819.861       68837      469627  0.220E-02  0.000E+00  0.000E+00  0.981E+01  0.000E+00  0.455E+00  0.000E+00  0.204E-03
111819.710       69007      471005  0.220E-02  0.000E+00  0.000E+00  0.101E+02  0.000E+00  0.454E+00  0.000E+00  0.204E-03
112819.761       69145      472354  0.220E-02  0.000E+00  0.000E+00  0.100E+02  0.000E+00  0.464E+00  0.000E+00  0.204E-03
113819.563       69301      473709  0.220E-02  0.000E+00  0.000E+00  0.980E+01  0.000E+00  0.464E+00  0.000E+00  0.204E-03
114819.721       69461      475050  0.220E-02  0.000E+00  0.000E+00  0.976E+01  0.000E+00  0.466E+00  0.000E+00  0.204E-03
115819.661       69638      476403  0.220E-02  0.000E+00  0.000E+00  0.100E+02  0.000E+00  0.467E+00  0.000E+00  0.203E-03
120819.515       69774      477673  0.220E-02  0.000E+00  0.000E+00  0.100E+02  0.000E+00  0.467E+00  0.000E+00  0.203E-03
121819.729       69982      479501  0.220E-02  0.000E+00  0.000E+00  0.101E+02  0.000E+00  0.442E+00  0.000E+00  0.203E-03
122819.573       70194      481345  0.220E-02  0.000E+00  0.000E+00  0.100E+02  0.000E+00  0.439E+00  0.000E+00  0.203E-03
123819.550       70412      483191  0.220E-02  0.000E+00  0.000E+00  0.101E+02  0.000E+00  0.439E+00  0.000E+00  0.203E-03
124819.776       70621      485040  0.220E-02  0.000E+00  0.000E+00  0.999E+01  0.000E+00  0.447E+00  0.000E+00  0.202E-03
125819.480       70819      486879  0.220E-02  0.000E+00  0.000E+00  0.100E+02  0.000E+00  0.445E+00  0.000E+00  0.202E-03
130819.718       71042      488722  0.220E-02  0.000E+00  0.000E+00  0.100E+02  0.000E+00  0.435E+00  0.000E+00  0.202E-03
131819.640       71256      490559  0.219E-02  0.000E+00  0.000E+00  0.100E+02  0.000E+00  0.433E+00  0.000E+00  0.202E-03
132819.531       71452      492399  0.219E-02  0.000E+00  0.000E+00  0.102E+02  0.000E+00  0.445E+00  0.000E+00  0.202E-03
133819.725       71661      494237  0.219E-02  0.000E+00  0.000E+00  0.100E+02  0.000E+00  0.447E+00  0.000E+00  0.201E-03
134819.593       71855      496076  0.219E-02  0.000E+00  0.000E+00  0.106E+02  0.000E+00  0.446E+00  0.000E+00  0.201E-03
135819.793       72067      497920  0.219E-02  0.000E+00  0.000E+00  0.995E+01  0.000E+00  0.478E+00  0.000E+00  0.201E-03
140819.751       72284      499738  0.219E-02  0.000E+00  0.000E+00  0.990E+01  0.000E+00  0.485E+00  0.000E+00  0.201E-03
141819.619       72501      501540  0.219E-02  0.000E+00  0.000E+00  0.989E+01  0.000E+00  0.459E+00  0.000E+00  0.201E-03
142819.622       72684      503312  0.219E-02  0.000E+00  0.000E+00  0.978E+01  0.000E+00  0.460E+00  0.000E+00  0.201E-03
143819.822       72878      505086  0.219E-02  0.000E+00  0.000E+00  0.978E+01  0.000E+00  0.460E+00  0.000E+00  0.200E-03
144819.682       73070      506840  0.219E-02  0.000E+00  0.000E+00  0.975E+01  0.000E+00  0.438E+00  0.000E+00  0.200E-03
145819.645       73283      508597  0.219E-02  0.000E+00  0.000E+00  0.973E+01  0.000E+00  0.458E+00  0.000E+00  0.200E-03
150819.636       73495      510388  0.219E-02  0.000E+00  0.000E+00  0.973E+01  0.000E+00  0.438E+00  0.000E+00  0.200E-03
151819.637       73707      512185  0.219E-02  0.000E+00  0.000E+00  0.100E+02  0.000E+00  0.438E+00  0.000E+00  0.200E-03
152819.658       73898      513975  0.219E-02  0.000E+00  0.000E+00  0.987E+01  0.000E+00  0.459E+00  0.000E+00  0.200E-03
153819.489       74111      515772  0.219E-02  0.000E+00  0.000E+00  0.962E+01  0.000E+00  0.446E+00  0.000E+00  0.199E-03
154819.480       74315      517579  0.219E-02  0.000E+00  0.000E+00  0.984E+01  0.000E+00  0.520E+00  0.000E+00  0.199E-03
155819.749       74521      519380  0.219E-02  0.000E+00  0.000E+00  0.968E+01  0.000E+00  0.470E+00  0.000E+00  0.199E-03
160819.889       74757      521152  0.219E-02  0.000E+00  0.000E+00  0.983E+01  0.000E+00  0.529E+00  0.000E+00  0.199E-03
161819.755       74960      522835  0.219E-02  0.000E+00  0.000E+00  0.987E+01  0.000E+00  0.497E+00  0.000E+00  0.199E-03
162819.696       75165      524580  0.219E-02  0.000E+00  0.000E+00  0.973E+01  0.000E+00  0.478E+00  0.000E+00  0.198E-03
163819.798       75348      526308  0.219E-02  0.000E+00  0.000E+00  0.976E+01  0.000E+00  0.416E+00  0.000E+00  0.198E-03
164819.545       75541      528001  0.219E-02  0.000E+00  0.000E+00  0.970E+01  0.000E+00  0.444E+00  0.000E+00  0.198E-03
165819.727       75740      529724  0.219E-02  0.000E+00  0.000E+00  0.994E+01  0.000E+00  0.402E+00  0.000E+00  0.198E-03
170819.599       75943      531468  0.219E-02  0.000E+00  0.000E+00  0.973E+01  0.000E+00  0.401E+00  0.000E+00  0.198E-03
171819.700       76147      533264  0.219E-02  0.000E+00  0.000E+00  0.969E+01  0.000E+00  0.401E+00  0.000E+00  0.198E-03
172819.722       76349      535067  0.219E-02  0.000E+00  0.000E+00  0.965E+01  0.000E+00  0.401E+00  0.000E+00  0.197E-03
173819.732       76568      536868  0.219E-02  0.000E+00  0.000E+00  0.977E+01  0.000E+00  0.401E+00  0.000E+00  0.197E-03
174819.728       76793      538666  0.219E-02  0.000E+00  0.000E+00  0.963E+01  0.000E+00  0.403E+00  0.000E+00  0.197E-03
175819.743       76997      540465  0.219E-02  0.000E+00  0.000E+00  0.974E+01  0.000E+00  0.431E+00  0.000E+00  0.197E-03
180819.656       77218      542259  0.219E-02  0.000E+00  0.000E+00  0.101E+02  0.000E+00  0.427E+00  0.000E+00  0.197E-03
181819.762       77412      543984  0.219E-02  0.000E+00  0.000E+00  0.100E+02  0.000E+00  0.406E+00  0.000E+00  0.196E-03
182819.728       77592      545733  0.219E-02  0.000E+00  0.000E+00  0.104E+02  0.000E+00  0.412E+00  0.000E+00  0.196E-03
183819.781       77818      547499  0.218E-02  0.000E+00  0.000E+00  0.102E+02  0.000E+00  0.427E+00  0.000E+00  0.196E-03
184819.597       78025      549245  0.218E-02  0.000E+00  0.000E+00  0.993E+01  0.000E+00  0.416E+00  0.000E+00  0.196E-03
185819.622       78219      551040  0.218E-02  0.000E+00  0.000E+00  0.978E+01  0.000E+00  0.416E+00  0.000E+00  0.196E-03
190819.557       78424      552813  0.218E-02  0.000E+00  0.000E+00  0.927E+01  0.000E+00  0.416E+00  0.000E+00  0.196E-03
191819.656       78632      554567  0.218E-02  0.000E+00  0.000E+00  0.912E+01  0.000E+00  0.407E+00  0.000E+00  0.195E-03
192819.501       78832      556280  0.218E-02  0.000E+00  0.000E+00  0.911E+01  0.000E+00  0.407E+00  0.000E+00  0.195E-03
193819.654       79019      558048  0.218E-02  0.000E+00  0.000E+00  0.910E+01  0.000E+00  0.405E+00  0.000E+00  0.195E-03
194819.793       79227      559843  0.218E-02  0.000E+00  0.000E+00  0.916E+01  0.000E+00  0.412E+00  0.000E+00  0.195E-03
195819.653       79425      561646  0.218E-02  0.000E+00  0.000E+00  0.917E+01  0.000E+00  0.405E+00  0.000E+00  0.195E-03
200819.688       79616      563421  0.218E-02  0.000E+00  0.000E+00  0.916E+01  0.000E+00  0.406E+00  0.000E+00  0.194E-03
201819.680       79836      565205  0.218E-02  0.000E+00  0.000E+00  0.915E+01  0.000E+00  0.448E+00  0.000E+00  0.194E-03
202819.666       80049      567011  0.218E-02  0.000E+00  0.000E+00  0.912E+01  0.000E+00  0.419E+00  0.000E+00  0.194E-03
203819.734       80267      568809  0.218E-02  0.000E+00  0.000E+00  0.909E+01  0.000E+00  0.421E+00  0.000E+00  0.194E-03
204819.555       80504      570609  0.218E-02  0.000E+00  0.000E+00  0.916E+01  0.000E+00  0.451E+00  0.000E+00  0.194E-03
205819.568       80708      572396  0.218E-02  0.000E+00  0.000E+00  0.948E+01  0.000E+00  0.452E+00  0.000E+00  0.193E-03
210819.751       80914      574158  0.218E-02  0.000E+00  0.000E+00  0.942E+01  0.000E+00  0.464E+00  0.000E+00  0.193E-03
211819.674       81106      575853  0.218E-02  0.000E+00  0.000E+00  0.923E+01  0.000E+00  0.400E+00  0.000E+00  0.193E-03
212819.615       81300      577564  0.218E-02  0.000E+00  0.000E+00  0.924E+01  0.000E+00  0.400E+00  0.000E+00  0.193E-03
213819.768       81501      579274  0.218E-02  0.000E+00  0.000E+00  0.965E+01  0.000E+00  0.428E+00  0.000E+00  0.193E-03
214819.510       81682      580967  0.218E-02  0.000E+00  0.000E+00  0.957E+01  0.000E+00  0.416E+00  0.000E+00  0.193E-03
215819.479       81866      582670  0.218E-02  0.000E+00  0.000E+00  0.978E+01  0.000E+00  0.399E+00  0.000E+00  0.192E-03
220819.671       82073      584376  0.218E-02  0.000E+00  0.000E+00  0.978E+01  0.000E+00  0.454E+00  0.000E+00  0.192E-03
221819.703       82268      586082  0.218E-02  0.000E+00  0.000E+00  0.979E+01  0.000E+00  0.414E+00  0.000E+00  0.192E-03
222819.509       82462      587787  0.218E-02  0.000E+00  0.000E+00  0.963E+01  0.000E+00  0.414E+00  0.000E+00  0.192E-03
223819.608       82650      589493  0.218E-02  0.000E+00  0.000E+00  0.955E+01  0.000E+00  0.429E+00  0.000E+00  0.191E-03
224819.724       82843      591194  0.218E-02  0.000E+00  0.000E+00  0.943E+01  0.000E+00  0.452E+00  0.000E+00  0.191E-03
225819.664       83043      592895  0.218E-02  0.000E+00  0.000E+00  0.946E+01  0.000E+00  0.452E+00  0.000E+00  0.191E-03
230819.806       83216      594591  0.218E-02  0.000E+00  0.000E+00  0.941E+01  0.000E+00  0.444E+00  0.000E+00  0.191E-03
231819.622       83387      596288  0.218E-02  0.000E+00  0.000E+00  0.944E+01  0.000E+00  0.446E+00  0.000E+00  0.191E-03
232819.520       83575      597994  0.218E-02  0.000E+00  0.000E+00  0.979E+01  0.000E+00  0.462E+00  0.000E+00  0.191E-03
233819.578       83759      599696  0.218E-02  0.000E+00  0.000E+00  0.939E+01  0.000E+00  0.443E+00  0.000E+00  0.191E-03
234819.669       83966      601390  0.218E-02  0.000E+00  0.000E+00  0.952E+01  0.000E+00  0.424E+00  0.000E+00  0.190E-03
235819.667       84168      603118  0.218E-02  0.000E+00  0.000E+00  0.940E+01  0.000E+00  0.476E+00  0.000E+00  0.190E-03
000819.800       84375      604827  0.218E-02  0.000E+00  0.000E+00  0.103E+02  0.000E+00  0.474E+00  0.000E+00  0.190E-03
001819.621       84585      606601  0.218E-02  0.000E+00  0.000E+00  0.103E+02  0.000E+00  0.420E+00  0.000E+00  0.190E-03
002819.591       84779      608385  0.217E-02  0.000E+00  0.000E+00  0.989E+01  0.000E+00  0.422E+00  0.000E+00  0.190E-03
003819.617       84952      610162  0.217E-02  0.000E+00  0.000E+00  0.974E+01  0.000E+00  0.400E+00  0.000E+00  0.190E-03
004819.812       85149      611959  0.217E-02  0.000E+00  0.000E+00  0.940E+01  0.000E+00  0.421E+00  0.000E+00  0.189E-03
005819.549       85331      613749  0.217E-02  0.000E+00  0.000E+00  0.941E+01  0.000E+00  0.430E+00  0.000E+00  0.189E-03
010819.768       85525      615550  0.217E-02  0.000E+00  0.000E+00  0.938E+01  0.000E+00  0.405E+00  0.000E+00  0.189E-03
011819.562       85724      617351  0.217E-02  0.000E+00  0.000E+00  0.954E+01  0.000E+00  0.404E+00  0.000E+00  0.189E-03
012819.785       85920      619148  0.217E-02  0.000E+00  0.000E+00  0.939E+01  0.000E+00  0.403E+00  0.000E+00  0.189E-03
013819.754       86139      620951  0.217E-02  0.000E+00  0.000E+00  0.939E+01  0.000E+00  0.409E+00  0.000E+00  0.189E-03
014819.541       86326      622755  0.217E-02  0.000E+00  0.000E+00  0.938E+01  0.000E+00  0.404E+00  0.000E+00  0.189E-03
015819.475       86534      624557  0.217E-02  0.000E+00  0.000E+00  0.943E+01  0.000E+00  0.423E+00  0.000E+00  0.188E-03
020819.636       86745      626357  0.217E-02  0.000E+00  0.000E+00  0.943E+01  0.000E+00  0.419E+00  0.000E+00  0.188E-03
021819.758       86952      628083  0.217E-02  0.000E+00  0.000E+00  0.937E+01  0.000E+00  0.415E+00  0.000E+00  0.188E-03
022819.543       87120      629784  0.217E-02  0.000E+00  0.000E+00  0.986E+01  0.000E+00  0.430E+00  0.000E+00  0.188E-03
023819.723       87311      631484  0.217E-02  0.000E+00  0.000E+00  0.102E+02  0.000E+00  0.400E+00  0.000E+00  0.188E-03
024819.557       87486      633157  0.217E-02  0.000E+00  0.000E+00  0.974E+01  0.000E+00  0.438E+00  0.000E+00  0.188E-03
025819.740       87661      634826  0.217E-02  0.000E+00  0.000E+00  0.977E+01  0.000E+00  0.418E+00  0.000E+00  0.188E-03
030819.651       87873      636533  0.217E-02  0.000E+00  0.000E+00  0.978E+01  0.000E+00  0.417E+00  0.000E+00  0.187E-03
031819.631       88059      638229  0.217E-02  0.000E+00  0.000E+00  0.971E+01  0.000E+00  0.427E+00  0.000E+00  0.187E-03
032819.656       88247      639915  0.217E-02  0.000E+00  0.000E+00  0.992E+01  0.000E+00  0.441E+00  0.000E+00  0.187E-03
033819.527       88431      641588  0.217E-02  0.000E+00  0.000E+00  0.101E+02  0.000E+00  0.413E+00  0.000E+00  0.187E-03
034819.522       88615      643278  0.217E-02  0.000E+00  0.000E+00  0.106E+02  0.000E+00  0.413E+00  0.000E+00  0.187E-03
035819.765       88807      645030  0.217E-02  0.000E+00  0.000E+00  0.983E+01  0.000E+00  0.454E+00  0.000E+00  0.187E-03
040819.783       89001      646781  0.217E-02  0.000E+00  0.000E+00  0.100E+02  0.000E+00  0.458E+00  0.000E+00  0.186E-03
041819.603       89212      648477  0.217E-02  0.000E+00  0.000E+00  0.107E+02  0.000E+00  0.495E+00  0.000E+00  0.186E-03
042819.524       89413      650238  0.217E-02  0.000E+00  0.000E+00  0.997E+01  0.000E+00  0.451E+00  0.000E+00  0.186E-03
043819.491       89594      652011  0.217E-02  0.000E+00  0.000E+00  0.101E+02  0.000E+00  0.482E+00  0.000E+00  0.186E-03
044819.525       89791      653802  0.217E-02  0.000E+00  0.000E+00  0.993E+01  0.000E+00  0.482E+00  0.000E+00  0.186E-03
045819.507       89995      655601  0.217E-02  0.000E+00  0.000E+00  0.999E+01  0.000E+00  0.479E+00  0.000E+00  0.185E-03
050819.573       90187      657358  0.217E-02  0.000E+00  0.000E+00  0.100E+02  0.000E+00  0.463E+00  0.000E+00  0.185E-03
051819.679       90380      659144  0.217E-02  0.000E+00  0.000E+00  0.996E+01  0.000E+00  0.433E+00  0.000E+00  0.185E-03
052819.732       90582      660915  0.217E-02  0.000E+00  0.000E+00  0.993E+01  0.000E+00  0.428E+00  0.000E+00  0.185E-03
053819.614       90794      662707  0.217E-02  0.000E+00  0.000E+00  0.999E+01  0.000E+00  0.444E+00  0.000E+00  0.185E-03
054819.758       90991      664503  0.217E-02  0.000E+00  0.000E+00  0.993E+01  0.000E+00  0.442E+00  0.000E+00  0.185E-03
055819.756       91192      666296  0.217E-02  0.000E+00  0.000E+00  0.100E+02  0.000E+00  0.447E+00  0.000E+00  0.184E-03
060819.627       91371      668074  0.217E-02  0.000E+00  0.000E+00  0.990E+01  0.000E+00  0.447E+00  0.000E+00  0.184E-03
061819.669       91562      669849  0.217E-02  0.000E+00  0.000E+00  0.986E+01  0.000E+00  0.446E+00  0.000E+00  0.184E-03
062819.479       91752      671563  0.217E-02  0.000E+00  0.000E+00  0.992E+01  0.000E+00  0.429E+00  0.000E+00  0.184E-03
063819.808       91934      673360  0.217E-02  0.000E+00  0.000E+00  0.966E+01  0.000E+00  0.437E+00  0.000E+00  0.184E-03
064819.734       92131      675167  0.217E-02  0.000E+00  0.000E+00  0.972E+01  0.000E+00  0.440E+00  0.000E+00  0.184E-03
065819.466       92332      676955  0.217E-02  0.000E+00  0.000E+00  0.974E+01  0.000E+00  0.507E+00  0.000E+00  0.184E-03
070819.790       92526      678748  0.216E-02  0.000E+00  0.000E+00  0.969E+01  0.000E+00  0.514E+00  0.000E+00  0.183E-03
071819.530       92710      680546  0.216E-02  0.000E+00  0.000E+00  0.994E+01  0.000E+00  0.502E+00  0.000E+00  0.183E-03
072819.769       92916      682346  0.216E-02  0.000E+00  0.000E+00  0.986E+01  0.000E+00  0.502E+00  0.000E+00  0.183E-03
073819.648       93095      684137  0.216E-02  0.000E+00  0.000E+00  0.971E+01  0.000E+00  0.502E+00  0.000E+00  0.183E-03
074819.703       93292      685934  0.216E-02  0.000E+00  0.000E+00  0.969E+01  0.000E+00  0.450E+00  0.000E+00  0.183E-03
075819.690       93472      687731  0.216E-02  0.000E+00  0.000E+00  0.978E+01  0.000E+00  0.426E+00  0.000E+00  0.183E-03
080819.756       93679      689535  0.216E-02  0.000E+00  0.000E+00  0.969E+01  0.000E+00  0.523E+00  0.000E+00  0.183E-03
081819.787       93873      691323  0.216E-02  0.000E+00  0.000E+00  0.101E+02  0.000E+00  0.445E+00  0.000E+00  0.182E-03
082819.622       94067      693123  0.216E-02  0.000E+00  0.000E+00  0.985E+01  0.000E+00  0.445E+00  0.000E+00  0.182E-03
083819.803       94269      694919  0.216E-02  0.000E+00  0.000E+00  0.980E+01  0.000E+00  0.442E+00  0.000E+00  0.182E-03
084819.489       94444      696702  0.216E-02  0.000E+00  0.000E+00  0.972E+01  0.000E+00  0.427E+00  0.000E+00  0.182E-03
085819.665       94664      698486  0.216E-02  0.000E+00  0.000E+00  0.976E+01  0.000E+00  0.458E+00  0.000E+00  0.182E-03
090819.572       94838      700272  0.216E-02  0.000E+00  0.000E+00  0.980E+01  0.000E+00  0.456E+00  0.000E+00  0.182E-03
091819.605       95050      702050  0.216E-02  0.000E+00  0.000E+00  0.970E+01  0.000E+00  0.443E+00  0.000E+00  0.182E-03
092819.656       95251      703813  0.216E-02  0.000E+00  0.000E+00  0.974E+01  0.000E+00  0.432E+00  0.000E+00  0.182E-03
093819.694       95435      705569  0.216E-02  0.000E+00  0.000E+00  0.978E+01  0.000E+00  0.466E+00  0.000E+00  0.181E-03
094819.548       95628      707306  0.216E-02  0.000E+00  0.000E+00  0.964E+01  0.000E+00  0.437E+00  0.000E+00  0.181E-03
095819.752       95803      709002  0.216E-02  0.000E+00  0.000E+00  0.951E+01  0.000E+00  0.437E+00  0.000E+00  0.181E-03
100819.798       96005      710692  0.216E-02  0.000E+00  0.000E+00  0.951E+01  0.000E+00  0.481E+00  0.000E+00  0.181E-03
101819.470       96189      712489  0.216E-02  0.000E+00  0.000E+00  0.976E+01  0.000E+00  0.489E+00  0.000E+00  0.181E-03
102819.544       96374      714292  0.216E-02  0.000E+00  0.000E+00  0.957E+01  0.000E+00  0.447E+00  0.000E+00  0.181E-03
103819.490       96562      716089  0.216E-02  0.000E+00  0.000E+00  0.956E+01  0.000E+00  0.446E+00  0.000E+00  0.181E-03
104819.747       96749      717889  0.216E-02  0.000E+00  0.000E+00  0.953E+01  0.000E+00  0.440E+00  0.000E+00  0.181E-03
105819.493       96943      719693  0.216E-02  0.000E+00  0.000E+00  0.967E+01  0.000E+00  0.444E+00  0.000E+00  0.180E-03
110819.635       97148      721499  0.216E-02  0.000E+00  0.000E+00  0.974E+01  0.000E+00  0.444E+00  0.000E+00  0.180E-03
111819.796       97346      723248  0.216E-02  0.000E+00  0.000E+00  0.963E+01  0.000E+00  0.533E+00  0.000E+00  0.180E-03
112819.765       97536      725021  0.216E-02  0.000E+00  0.000E+00  0.962E+01  0.000E+00  0.525E+00  0.000E+00  0.180E-03
113819.636       97729      726824  0.216E-02  0.000E+00  0.000E+00  0.969E+01  0.000E+00  0.500E+00  0.000E+00  0.180E-03
114819.703       97915      728613  0.216E-02  0.000E+00  0.000E+00  0.965E+01  0.000E+00  0.528E+00  0.000E+00  0.180E-03
115819.743       98098      730360  0.216E-02  0.000E+00  0.000E+00  0.954E+01  0.000E+00  0.540E+00  0.000E+00  0.179E-03
120819.537       98285      732065  0.216E-02  0.000E+00  0.000E+00  0.960E+01  0.000E+00  0.570E+00  0.000E+00  0.179E-03
121819.794       98462      733818  0.216E-02  0.000E+00  0.000E+00  0.960E+01  0.000E+00  0.565E+00  0.000E+00  0.179E-03
122819.616       98642      735553  0.216E-02  0.000E+00  0.000E+00  0.953E+01  0.000E+00  0.561E+00  0.000E+00  0.179E-03
123819.642       98806      737304  0.216E-02  0.000E+00  0.000E+00  0.955E+01  0.000E+00  0.560E+00  0.000E+00  0.179E-03
124819.744       98988      739081  0.216E-02  0.000E+00  0.000E+00  0.978E+01  0.000E+00  0.560E+00  0.000E+00  0.179E-03
